Archive member included to satisfy reference by file (symbol)

app/libapp.a(main.c.obj)      (--whole-archive)
app/libapp.a(io.c.obj)        (--whole-archive)
app/libapp.a(flash_map_extended.c.obj)
                              (--whole-archive)
app/libapp.a(os.c.obj)        (--whole-archive)
app/libapp.a(keys.c.obj)      (--whole-archive)
app/libapp.a(image_validate.c.obj)
                              (--whole-archive)
app/libapp.a(tlv.c.obj)       (--whole-archive)
app/libapp.a(encrypted.c.obj)
                              (--whole-archive)
app/libapp.a(image_rsa.c.obj)
                              (--whole-archive)
app/libapp.a(image_ecdsa.c.obj)
                              (--whole-archive)
app/libapp.a(image_ed25519.c.obj)
                              (--whole-archive)
app/libapp.a(bootutil_misc.c.obj)
                              (--whole-archive)
app/libapp.a(fault_injection_hardening.c.obj)
                              (--whole-archive)
app/libapp.a(loader.c.obj)    (--whole-archive)
app/libapp.a(swap_misc.c.obj)
                              (--whole-archive)
app/libapp.a(swap_scratch.c.obj)
                              (--whole-archive)
app/libapp.a(swap_move.c.obj)
                              (--whole-archive)
app/libapp.a(caps.c.obj)      (--whole-archive)
app/libapp.a(autogen-pubkey.c.obj)
                              (--whole-archive)
app/libapp.a(arm_cleanup.c.obj)
                              (--whole-archive)
app/libapp.a(nrf_cleanup.c.obj)
                              (--whole-archive)
zephyr/libzephyr.a(heap.c.obj)
                              (--whole-archive)
zephyr/libzephyr.a(cbprintf_packaged.c.obj)
                              (--whole-archive)
zephyr/libzephyr.a(printk.c.obj)
                              (--whole-archive)
zephyr/libzephyr.a(sem.c.obj)
                              (--whole-archive)
zephyr/libzephyr.a(thread_entry.c.obj)
                              (--whole-archive)
zephyr/libzephyr.a(cbprintf_nano.c.obj)
                              (--whole-archive)
zephyr/libzephyr.a(cbprintf.c.obj)
                              (--whole-archive)
zephyr/libzephyr.a(assert.c.obj)
                              (--whole-archive)
zephyr/libzephyr.a(dec.c.obj)
                              (--whole-archive)
zephyr/libzephyr.a(hex.c.obj)
                              (--whole-archive)
zephyr/libzephyr.a(rb.c.obj)  (--whole-archive)
zephyr/libzephyr.a(timeutil.c.obj)
                              (--whole-archive)
zephyr/libzephyr.a(bitarray.c.obj)
                              (--whole-archive)
zephyr/libzephyr.a(onoff.c.obj)
                              (--whole-archive)
zephyr/libzephyr.a(notify.c.obj)
                              (--whole-archive)
zephyr/libzephyr.a(configs.c.obj)
                              (--whole-archive)
zephyr/libzephyr.a(log_minimal.c.obj)
                              (--whole-archive)
zephyr/libzephyr.a(mem_attr.c.obj)
                              (--whole-archive)
zephyr/libzephyr.a(flash_map.c.obj)
                              (--whole-archive)
zephyr/libzephyr.a(flash_map_layout.c.obj)
                              (--whole-archive)
zephyr/libzephyr.a(tracing_none.c.obj)
                              (--whole-archive)
zephyr/libzephyr.a(banner.c.obj)
                              (--whole-archive)
zephyr/libzephyr.a(flash_map_partition_manager.c.obj)
                              (--whole-archive)
zephyr/arch/common/libarch__common.a(sw_isr_common.c.obj)
                              (--whole-archive)
zephyr/arch/arch/arm/core/libarch__arm__core.a(fatal.c.obj)
                              (--whole-archive)
zephyr/arch/arch/arm/core/libarch__arm__core.a(nmi.c.obj)
                              (--whole-archive)
zephyr/arch/arch/arm/core/libarch__arm__core.a(nmi_on_reset.S.obj)
                              (--whole-archive)
zephyr/arch/arch/arm/core/cortex_m/libarch__arm__core__cortex_m.a(exc_exit.c.obj)
                              (--whole-archive)
zephyr/arch/arch/arm/core/cortex_m/libarch__arm__core__cortex_m.a(fault.c.obj)
                              (--whole-archive)
zephyr/arch/arch/arm/core/cortex_m/libarch__arm__core__cortex_m.a(fault_s.S.obj)
                              (--whole-archive)
zephyr/arch/arch/arm/core/cortex_m/libarch__arm__core__cortex_m.a(fpu.c.obj)
                              (--whole-archive)
zephyr/arch/arch/arm/core/cortex_m/libarch__arm__core__cortex_m.a(reset.S.obj)
                              (--whole-archive)
zephyr/arch/arch/arm/core/cortex_m/libarch__arm__core__cortex_m.a(scb.c.obj)
                              (--whole-archive)
zephyr/arch/arch/arm/core/cortex_m/libarch__arm__core__cortex_m.a(thread_abort.c.obj)
                              (--whole-archive)
zephyr/arch/arch/arm/core/cortex_m/libarch__arm__core__cortex_m.a(vector_table.S.obj)
                              (--whole-archive)
zephyr/arch/arch/arm/core/cortex_m/libarch__arm__core__cortex_m.a(swap.c.obj)
[...]
Memory Configuration

Name             Origin             Length             Attributes
FLASH            0x0000000000000000 0x000000000000c000 xr
RAM              0x0000000020000000 0x0000000000010000 xw
IDT_LIST         0x00000000ffff7fff 0x0000000000008000 xw
*default*        0x0000000000000000 0xffffffffffffffff

Linker script and memory map

LOAD zephyr/CMakeFiles/zephyr_pre0.dir/misc/empty_file.c.obj
LOAD zephyr/CMakeFiles/offsets.dir/./arch/arm/core/offsets/offsets.c.obj
LOAD app/libapp.a
LOAD zephyr/libzephyr.a
LOAD zephyr/arch/common/libarch__common.a
LOAD zephyr/arch/arch/arm/core/libarch__arm__core.a
LOAD zephyr/arch/arch/arm/core/cortex_m/libarch__arm__core__cortex_m.a
LOAD zephyr/arch/arch/arm/core/mpu/libarch__arm__core__mpu.a
LOAD zephyr/lib/libc/minimal/liblib__libc__minimal.a
LOAD zephyr/lib/libc/common/liblib__libc__common.a
LOAD zephyr/soc/soc/nrf52832/libsoc__nordic.a
LOAD zephyr/drivers/clock_control/libdrivers__clock_control.a
LOAD zephyr/drivers/console/libdrivers__console.a
LOAD zephyr/drivers/flash/libdrivers__flash.a
LOAD zephyr/drivers/gpio/libdrivers__gpio.a
LOAD zephyr/drivers/pinctrl/libdrivers__pinctrl.a
LOAD zephyr/drivers/serial/libdrivers__serial.a
LOAD zephyr/drivers/timer/libdrivers__timer.a
LOAD modules/nrf/lib/fprotect/lib..__nrf__lib__fprotect.a
LOAD modules/mcuboot/boot/bootutil/zephyr/libmcuboot_util.a
LOAD modules/mbedtls/libmbedTLSBase.a
LOAD modules/mbedtls/libmbedTLSCrypto.a
LOAD modules/mbedtls/libmbedTLSX509.a
LOAD modules/mbedtls/libmodules__mbedtls.a
LOAD modules/hal_nordic/nrfx/libmodules__hal_nordic__nrfx.a
LOAD modules/segger/libmodules__segger.a
LOAD zephyr/kernel/libkernel.a
LOAD c:/ncs/toolchains/ce3b5ff664/opt/zephyr-sdk/arm-zephyr-eabi/bin/../lib/gcc/arm-zephyr-eabi/12.2.0/thumb/v7e-m/nofp\libgcc.a
LOAD zephyr/arch/common/libisr_tables.a
LOAD modules/mbedtls/libmbedTLSBase.a
LOAD modules/mbedtls/libmbedTLSCrypto.a
LOAD modules/mbedtls/libmbedTLSX509.a
                0x0000000000000020                _region_min_align = 0x20

.rel.plt        0x0000000000000000        0x0
 *(SORT_BY_ALIGNMENT(.rel.plt))
                [!provide]                        PROVIDE (__rel_iplt_start = .)
 *(SORT_BY_ALIGNMENT(.rel.iplt))
 .rel.iplt      0x0000000000000000        0x0 app/libapp.a(main.c.obj)
                [!provide]                        PROVIDE (__rel_iplt_end = .)

.rela.plt       0x0000000000000000        0x0
 *(SORT_BY_ALIGNMENT(.rela.plt))
                [!provide]                        PROVIDE (__rela_iplt_start = .)
 *(SORT_BY_ALIGNMENT(.rela.iplt))
                [!provide]                        PROVIDE (__rela_iplt_end = .)

.rel.dyn
 *(SORT_BY_ALIGNMENT(.rel.*))

.rela.dyn
 *(SORT_BY_ALIGNMENT(.rela.*))

/DISCARD/
 *(SORT_BY_ALIGNMENT(.plt))

/DISCARD/
 *(SORT_BY_ALIGNMENT(.iplt))
                0x0000000000000000                __rom_region_start = 0x0

rom_start       0x0000000000000000       0xdc
                0x0000000000000000                __rom_start_address = .
 FILL mask 0x00
                0x0000000000000000                . = (. + (0x0 - (. - __rom_start_address)))
                0x0000000000000000                . = ALIGN (0x4)
                0x0000000000000000                . = ALIGN (0x80)
                0x0000000000000000                . = ALIGN (0x100)
                0x0000000000000000                _vector_start = .
 *(SORT_BY_ALIGNMENT(.exc_vector_table))
 *(SORT_BY_ALIGNMENT(.exc_vector_table.*))
 .exc_vector_table._vector_table_section
                0x0000000000000000       0x40 zephyr/arch/arch/arm/core/cortex_m/libarch__arm__core__cortex_m.a(vector_table.S.obj)
                0x0000000000000000                _vector_table
 *(SORT_BY_ALIGNMENT(.vectors))
                0x00000000000000dc                _vector_end = .
                0x0000000000000040                . = ALIGN (0x4)
 *(SORT_BY_ALIGNMENT(.gnu.linkonce.irq_vector_table*))
 .gnu.linkonce.irq_vector_table
                0x0000000000000040       0x9c zephyr/arch/common/libisr_tables.a(isr_tables.c.obj)
                0x0000000000000040                _irq_vector_table
                0x00000000000000dc                _vector_end = .

text            0x00000000000000dc     0x70fc
                0x00000000000000dc                __text_region_start = .
 *(SORT_BY_ALIGNMENT(.text))
 .text          0x00000000000000dc       0x30 c:/ncs/toolchains/ce3b5ff664/opt/zephyr-sdk/arm-zephyr-eabi/bin/../lib/gcc/arm-zephyr-eabi/12.2.0/thumb/v7e-m/nofp\libgcc.a(_aeabi_uldivmod.o)
                0x00000000000000dc                __aeabi_uldivmod
 .text          0x000000000000010c        0x4 c:/ncs/toolchains/ce3b5ff664/opt/zephyr-sdk/arm-zephyr-eabi/bin/../lib/gcc/arm-zephyr-eabi/12.2.0/thumb/v7e-m/nofp\libgcc.a(_dvmd_tls.o)
                0x000000000000010c                __aeabi_idiv0
                0x000000000000010c                __aeabi_ldiv0
 .text          0x0000000000000110      0x2a0 c:/ncs/toolchains/ce3b5ff664/opt/zephyr-sdk/arm-zephyr-eabi/bin/../lib/gcc/arm-zephyr-eabi/12.2.0/thumb/v7e-m/nofp\libgcc.a(_udivmoddi4.o)
                0x0000000000000110                __udivmoddi4
 *(SORT_BY_ALIGNMENT(.text.*))
 .text.main     0x00000000000003b0       0xbc app/libapp.a(main.c.obj)
                0x00000000000003b0                main
 .text.flash_device_base
                0x000000000000046c       0x20 app/libapp.a(flash_map_extended.c.obj)
                0x000000000000046c                flash_device_base
 .text.flash_area_id_from_multi_image_slot
                0x000000000000048c       0x24 app/libapp.a(flash_map_extended.c.obj)
                0x000000000000048c                flash_area_id_from_multi_image_slot
 .text.os_heap_init
                0x00000000000004b0       0x10 app/libapp.a(os.c.obj)
                0x00000000000004b0                os_heap_init
 .text.bootutil_img_validate
                0x00000000000004c0      0x208 app/libapp.a(image_validate.c.obj)
                0x00000000000004c0                bootutil_img_validate
 .text.bootutil_verify_sig
                0x00000000000006c8      0x1e8 app/libapp.a(image_rsa.c.obj)
                0x00000000000006c8                bootutil_verify_sig
 .text.boot_status_entries
                0x00000000000008b0       0x2c app/libapp.a(bootutil_misc.c.obj)
                0x00000000000008b0                boot_status_entries
 .text.boot_find_status
                0x00000000000008dc       0x48 app/libapp.a(bootutil_misc.c.obj)
                0x00000000000008dc                boot_find_status
 .text.bootutil_max_image_size
                0x0000000000000924       0x2c app/libapp.a(bootutil_misc.c.obj)
                0x0000000000000924                bootutil_max_image_size
 .text.boot_validate_slot.isra.0
                0x0000000000000950      0x100 app/libapp.a(loader.c.obj)
 .text.boot_swap_image.isra.0
                0x0000000000000a50       0x88 app/libapp.a(loader.c.obj)
 .text.boot_copy_region
                0x0000000000000ad8       0x84 app/libapp.a(loader.c.obj)
                0x0000000000000ad8                boot_copy_region
 .text.context_boot_go
                0x0000000000000b5c      0x2b4 app/libapp.a(loader.c.obj)
                0x0000000000000b5c                context_boot_go
 .text.boot_go  0x0000000000000e10       0x20 app/libapp.a(loader.c.obj)
                0x0000000000000e10                boot_go
 .text.swap_set_copy_done
                0x0000000000000e30       0x2c app/libapp.a(swap_misc.c.obj)
                0x0000000000000e30                swap_set_copy_done
 .text.swap_set_image_ok
                0x0000000000000e5c       0x44 app/libapp.a(swap_misc.c.obj)
                0x0000000000000e5c                swap_set_image_ok
 .text.boot_read_image_header
                0x0000000000000ea0       0xcc app/libapp.a(swap_move.c.obj)
                0x0000000000000ea0                boot_read_image_header
 .text.swap_read_status_bytes
                0x0000000000000f6c       0xc8 app/libapp.a(swap_move.c.obj)
                0x0000000000000f6c                swap_read_status_bytes
 .text.boot_slots_compatible
                0x0000000000001034       0x78 app/libapp.a(swap_move.c.obj)
                0x0000000000001034                boot_slots_compatible
 .text.fixup_revert
                0x00000000000010ac       0x50 app/libapp.a(swap_move.c.obj)
                0x00000000000010ac                fixup_revert
 .text.swap_run
                0x00000000000010fc      0x1e0 app/libapp.a(swap_move.c.obj)
                0x00000000000010fc                swap_run
 .text.cleanup_arm_nvic
                0x00000000000012dc       0x54 app/libapp.a(arm_cleanup.c.obj)
                0x00000000000012dc                cleanup_arm_nvic
 .text.nrf_cleanup_peripheral
                0x0000000000001330       0x78 app/libapp.a(nrf_cleanup.c.obj)
                0x0000000000001330                nrf_cleanup_peripheral
 .text.char_out
                0x00000000000013a8        0xc zephyr/libzephyr.a(printk.c.obj)
 .text.vprintk  0x00000000000013b4       0x1c zephyr/libzephyr.a(printk.c.obj)
                0x00000000000013b4                vprintk
 .text.__printk_hook_install
                0x00000000000013d0        0xc zephyr/libzephyr.a(printk.c.obj)
                0x00000000000013d0                __printk_hook_install
 .text.z_cbvprintf_impl
                0x00000000000013dc      0x444 zephyr/libzephyr.a(cbprintf_nano.c.obj)
                0x00000000000013dc                z_cbvprintf_impl
 .text.process_event
                0x0000000000001820      0x21c zephyr/libzephyr.a(onoff.c.obj)
 .text.mem_attr_get_regions
                0x0000000000001a3c        0xc zephyr/libzephyr.a(mem_attr.c.obj)
                0x0000000000001a3c                mem_attr_get_regions
 .text.flash_area_open
                0x0000000000001a48       0x50 zephyr/libzephyr.a(flash_map.c.obj)
                0x0000000000001a48                flash_area_open
 .text.flash_area_get_sectors
                0x0000000000001a98       0x60 zephyr/libzephyr.a(flash_map_layout.c.obj)
                0x0000000000001a98                flash_area_get_sectors
 .text.boot_banner
                0x0000000000001af8       0x24 zephyr/libzephyr.a(banner.c.obj)
                0x0000000000001af8                boot_banner
 .text.z_SysNmiOnReset
                0x0000000000001b1c        0x8 zephyr/arch/arch/arm/core/libarch__arm__core.a(nmi_on_reset.S.obj)
                0x0000000000001b1c                z_SysNmiOnReset
 .text.mem_manage_fault
                0x0000000000001b24       0xa0 zephyr/arch/arch/arm/core/cortex_m/libarch__arm__core__cortex_m.a(fault.c.obj)
 .text.usage_fault.constprop.0
                0x0000000000001bc4       0x54 zephyr/arch/arch/arm/core/cortex_m/libarch__arm__core__cortex_m.a(fault.c.obj)
 .text.bus_fault.constprop.0
                0x0000000000001c18       0x6c zephyr/arch/arch/arm/core/cortex_m/libarch__arm__core__cortex_m.a(fault.c.obj)
 .text.z_arm_fault
                0x0000000000001c84      0x11c zephyr/arch/arch/arm/core/cortex_m/libarch__arm__core__cortex_m.a(fault.c.obj)
                0x0000000000001c84                z_arm_fault
 .text.z_arm_fault_init
                0x0000000000001da0       0x10 zephyr/arch/arch/arm/core/cortex_m/libarch__arm__core__cortex_m.a(fault.c.obj)
                0x0000000000001da0                z_arm_fault_init
 .text.__fault  0x0000000000001db0       0x14 zephyr/arch/arch/arm/core/cortex_m/libarch__arm__core__cortex_m.a(fault_s.S.obj)
                0x0000000000001db0                z_arm_usage_fault
                0x0000000000001db0                z_arm_mpu_fault
                0x0000000000001db0                z_arm_exc_spurious
                0x0000000000001db0                z_arm_debug_monitor
                0x0000000000001db0                z_arm_hard_fault
                0x0000000000001db0                z_arm_bus_fault
 .text._reset_section
                0x0000000000001dc4       0x54 zephyr/arch/arch/arm/core/cortex_m/libarch__arm__core__cortex_m.a(reset.S.obj)
                0x0000000000001dc4                __start
                0x0000000000001dc4                z_arm_reset
 .text.z_arm_clear_arm_mpu_config
                0x0000000000001e18       0x24 zephyr/arch/arch/arm/core/cortex_m/libarch__arm__core__cortex_m.a(scb.c.obj)
                0x0000000000001e18                z_arm_clear_arm_mpu_config
 .text.z_arm_init_arch_hw_at_boot
                0x0000000000001e3c       0x64 zephyr/arch/arch/arm/core/cortex_m/libarch__arm__core__cortex_m.a(scb.c.obj)
                0x0000000000001e3c                z_arm_init_arch_hw_at_boot
 .text.z_arm_svc
                0x0000000000001ea0       0x20 zephyr/arch/arch/arm/core/cortex_m/libarch__arm__core__cortex_m.a(swap_helper.S.obj)
                0x0000000000001ea0                z_arm_svc
 .text.arch_irq_enable
                0x0000000000001ec0       0x1c zephyr/arch/arch/arm/core/cortex_m/libarch__arm__core__cortex_m.a(irq_manage.c.obj)
                0x0000000000001ec0                arch_irq_enable
 .text.arch_irq_disable
                0x0000000000001edc       0x28 zephyr/arch/arch/arm/core/cortex_m/libarch__arm__core__cortex_m.a(irq_manage.c.obj)
                0x0000000000001edc                arch_irq_disable
 .text.arch_irq_is_enabled
                0x0000000000001f04       0x1c zephyr/arch/arch/arm/core/cortex_m/libarch__arm__core__cortex_m.a(irq_manage.c.obj)
                0x0000000000001f04                arch_irq_is_enabled
 .text.z_arm_irq_priority_set
                0x0000000000001f20       0x30 zephyr/arch/arch/arm/core/cortex_m/libarch__arm__core__cortex_m.a(irq_manage.c.obj)
                0x0000000000001f20                z_arm_irq_priority_set
 .text.z_prep_c
                0x0000000000001f50       0x38 zephyr/arch/arch/arm/core/cortex_m/libarch__arm__core__cortex_m.a(prep_c.c.obj)
                0x0000000000001f50                z_prep_c
 .text.z_check_thread_stack_fail
                0x0000000000001f88       0x2c zephyr/arch/arch/arm/core/cortex_m/libarch__arm__core__cortex_m.a(thread.c.obj)
                0x0000000000001f88                z_check_thread_stack_fail
 .text.z_arm_switch_to_main_no_multithreading
                0x0000000000001fb4       0x34 zephyr/arch/arch/arm/core/cortex_m/libarch__arm__core__cortex_m.a(thread.c.obj)
                0x0000000000001fb4                z_arm_switch_to_main_no_multithreading
 .text.z_arm_cpu_idle_init
                0x0000000000001fe8        0xc zephyr/arch/arch/arm/core/cortex_m/libarch__arm__core__cortex_m.a(cpu_idle.c.obj)
                0x0000000000001fe8                z_arm_cpu_idle_init
 .text.z_arm_interrupt_init
                0x0000000000001ff4       0x18 zephyr/arch/arch/arm/core/cortex_m/libarch__arm__core__cortex_m.a(irq_init.c.obj)
                0x0000000000001ff4                z_arm_interrupt_init
 .text._isr_wrapper
                0x000000000000200c       0x24 zephyr/arch/arch/arm/core/cortex_m/libarch__arm__core__cortex_m.a(isr_wrapper.c.obj)
                0x000000000000200c                _isr_wrapper
 .text.z_arm_configure_static_mpu_regions
                0x0000000000002030       0x18 zephyr/arch/arch/arm/core/mpu/libarch__arm__core__mpu.a(arm_core_mpu.c.obj)
                0x0000000000002030                z_arm_configure_static_mpu_regions
 .text.region_init
                0x0000000000002048       0x28 zephyr/arch/arch/arm/core/mpu/libarch__arm__core__mpu.a(arm_mpu.c.obj)
 .text.mpu_configure_regions
                0x0000000000002070       0x6c zephyr/arch/arch/arm/core/mpu/libarch__arm__core__mpu.a(arm_mpu.c.obj)
 .text.arm_core_mpu_enable
                0x00000000000020dc       0x18 zephyr/arch/arch/arm/core/mpu/libarch__arm__core__mpu.a(arm_mpu.c.obj)
                0x00000000000020dc                arm_core_mpu_enable
 .text.arm_core_mpu_disable
                0x00000000000020f4       0x14 zephyr/arch/arch/arm/core/mpu/libarch__arm__core__mpu.a(arm_mpu.c.obj)
                0x00000000000020f4                arm_core_mpu_disable
 .text.arm_core_mpu_configure_static_mpu_regions
                0x0000000000002108       0x14 zephyr/arch/arch/arm/core/mpu/libarch__arm__core__mpu.a(arm_mpu.c.obj)
                0x0000000000002108                arm_core_mpu_configure_static_mpu_regions
 .text.z_arm_mpu_init
                0x000000000000211c      0x168 zephyr/arch/arch/arm/core/mpu/libarch__arm__core__mpu.a(arm_mpu.c.obj)
                0x000000000000211c                z_arm_mpu_init
 .text.__stdout_hook_install
                0x0000000000002284        0xc zephyr/lib/libc/minimal/liblib__libc__minimal.a(stdout_console.c.obj)
                0x0000000000002284                __stdout_hook_install
 .text.nordicsemi_nrf52_init
                0x0000000000002290       0x18 zephyr/soc/soc/nrf52832/libsoc__nordic.a(soc.c.obj)
 .text.arch_busy_wait
                0x00000000000022a8       0x14 zephyr/soc/soc/nrf52832/libsoc__nordic.a(soc.c.obj)
                0x00000000000022a8                arch_busy_wait
 .text.onoff_stop
                0x00000000000022bc       0x30 zephyr/drivers/clock_control/libdrivers__clock_control.a(clock_control_nrf.c.obj)
 .text.onoff_start
                0x00000000000022ec       0x44 zephyr/drivers/clock_control/libdrivers__clock_control.a(clock_control_nrf.c.obj)
 .text.clk_init
                0x0000000000002330       0x58 zephyr/drivers/clock_control/libdrivers__clock_control.a(clock_control_nrf.c.obj)
 .text.lfclk_start
                0x0000000000002388       0x24 zephyr/drivers/clock_control/libdrivers__clock_control.a(clock_control_nrf.c.obj)
 .text.generic_hfclk_stop
                0x00000000000023ac       0x34 zephyr/drivers/clock_control/libdrivers__clock_control.a(clock_control_nrf.c.obj)
 .text.clkstarted_handle.constprop.0
                0x00000000000023e0       0x4c zephyr/drivers/clock_control/libdrivers__clock_control.a(clock_control_nrf.c.obj)
 .text.generic_hfclk_start
                0x000000000000242c       0x78 zephyr/drivers/clock_control/libdrivers__clock_control.a(clock_control_nrf.c.obj)
 .text.clock_event_handler
                0x00000000000024a4       0x1c zephyr/drivers/clock_control/libdrivers__clock_control.a(clock_control_nrf.c.obj)
 .text.z_nrf_clock_control_lf_on
                0x00000000000024c0       0xf4 zephyr/drivers/clock_control/libdrivers__clock_control.a(clock_control_nrf.c.obj)
                0x00000000000024c0                z_nrf_clock_control_lf_on
 .text.uart_console_init
                0x00000000000025b4       0x28 zephyr/drivers/console/libdrivers__console.a(uart_console.c.obj)
 .text.console_out
                0x00000000000025dc       0x28 zephyr/drivers/console/libdrivers__console.a(uart_console.c.obj)
 .text.flash_nrf_pages_layout
                0x0000000000002604       0x10 zephyr/drivers/flash/libdrivers__flash.a(soc_flash_nrf.c.obj)
 .text.flash_nrf_get_parameters
                0x0000000000002614        0x8 zephyr/drivers/flash/libdrivers__flash.a(soc_flash_nrf.c.obj)
 .text.nrf_flash_init
                0x000000000000261c       0x18 zephyr/drivers/flash/libdrivers__flash.a(soc_flash_nrf.c.obj)
 .text.flash_nrf_write
                0x0000000000002634       0x4c zephyr/drivers/flash/libdrivers__flash.a(soc_flash_nrf.c.obj)
 .text.gpio_nrfx_init
                0x0000000000002680       0x48 zephyr/drivers/gpio/libdrivers__gpio.a(gpio_nrfx.c.obj)
 .text.nrfx_gpio_handler
                0x00000000000026c8       0x3c zephyr/drivers/gpio/libdrivers__gpio.a(gpio_nrfx.c.obj)
 .text.gpio_nrfx_pin_configure
                0x0000000000002704      0x180 zephyr/drivers/gpio/libdrivers__gpio.a(gpio_nrfx.c.obj)
 .text.gpio_nrfx_pin_interrupt_configure
                0x0000000000002884       0xf4 zephyr/drivers/gpio/libdrivers__gpio.a(gpio_nrfx.c.obj)
 .text.pinctrl_configure_pins
                0x0000000000002978      0x17c zephyr/drivers/pinctrl/libdrivers__pinctrl.a(pinctrl_nrf.c.obj)
                0x0000000000002978                pinctrl_configure_pins
 .text.uarte_nrfx_poll_out
                0x0000000000002af4       0xc4 zephyr/drivers/serial/libdrivers__serial.a(uart_nrfx_uarte.c.obj)
 .text.uarte_0_init
                0x0000000000002bb8      0x244 zephyr/drivers/serial/libdrivers__serial.a(uart_nrfx_uarte.c.obj)
 .text.compare_int_lock
                0x0000000000002dfc       0x48 zephyr/drivers/timer/libdrivers__timer.a(nrf_rtc_timer.c.obj)
 .text.sys_clock_timeout_handler
                0x0000000000002e44       0x48 zephyr/drivers/timer/libdrivers__timer.a(nrf_rtc_timer.c.obj)
 .text.compare_int_unlock
                0x0000000000002e8c       0x5c zephyr/drivers/timer/libdrivers__timer.a(nrf_rtc_timer.c.obj)
 .text.z_nrf_rtc_timer_read
                0x0000000000002ee8       0x44 zephyr/drivers/timer/libdrivers__timer.a(nrf_rtc_timer.c.obj)
                0x0000000000002ee8                z_nrf_rtc_timer_read
 .text.compare_set
                0x0000000000002f2c      0x130 zephyr/drivers/timer/libdrivers__timer.a(nrf_rtc_timer.c.obj)
 .text.sys_clock_driver_init
                0x000000000000305c       0x90 zephyr/drivers/timer/libdrivers__timer.a(nrf_rtc_timer.c.obj)
 .text.rtc_nrf_isr
                0x00000000000030ec       0xd4 zephyr/drivers/timer/libdrivers__timer.a(nrf_rtc_timer.c.obj)
                0x00000000000030ec                rtc_nrf_isr
 .text.sys_clock_set_timeout
                0x00000000000031c0       0x5c zephyr/drivers/timer/libdrivers__timer.a(nrf_rtc_timer.c.obj)
                0x00000000000031c0                sys_clock_set_timeout
 .text.sys_clock_elapsed
                0x000000000000321c       0x14 zephyr/drivers/timer/libdrivers__timer.a(nrf_rtc_timer.c.obj)
                0x000000000000321c                sys_clock_elapsed
 .text.sys_clock_disable
                0x0000000000003230       0x30 zephyr/drivers/timer/libdrivers__timer.a(nrf_rtc_timer.c.obj)
                0x0000000000003230                sys_clock_disable
 .text.boot_write_magic
                0x0000000000003260       0x40 modules/mcuboot/boot/bootutil/zephyr/libmcuboot_util.a(bootutil_public.c.obj)
                0x0000000000003260                boot_write_magic
 .text.boot_read_swap_state
                0x00000000000032a0       0xac modules/mcuboot/boot/bootutil/zephyr/libmcuboot_util.a(bootutil_public.c.obj)
                0x00000000000032a0                boot_read_swap_state
 .text.boot_swap_type_multi
                0x000000000000334c       0xa4 modules/mcuboot/boot/bootutil/zephyr/libmcuboot_util.a(bootutil_public.c.obj)
                0x000000000000334c                boot_swap_type_multi
 .text.mbedtls_ct_bool
                0x00000000000033f0       0x18 modules/mbedtls/libmbedTLSBase.a(bignum_core.c.obj)
 .text.mbedtls_mpi_core_cond_assign
                0x0000000000003408       0x30 modules/mbedtls/libmbedTLSBase.a(bignum_core.c.obj)
                0x0000000000003408                mbedtls_mpi_core_cond_assign
 .text.mbedtls_ct_bool
                0x0000000000003438       0x18 modules/mbedtls/libmbedTLSBase.a(bignum.c.obj)
 .text.mbedtls_mpi_safe_cond_assign
                0x0000000000003450       0x60 modules/mbedtls/libmbedTLSBase.a(bignum.c.obj)
                0x0000000000003450                mbedtls_mpi_safe_cond_assign
 .text.mpi_select
                0x00000000000034b0       0x48 modules/mbedtls/libmbedTLSBase.a(bignum.c.obj)
 .text.mbedtls_mpi_div_mpi
                0x00000000000034f8      0x334 modules/mbedtls/libmbedTLSBase.a(bignum.c.obj)
                0x00000000000034f8                mbedtls_mpi_div_mpi
 .text.mbedtls_ct_memcpy_if
                0x000000000000382c       0x70 modules/mbedtls/libmbedTLSBase.a(constant_time.c.obj)
                0x000000000000382c                mbedtls_ct_memcpy_if
 .text.mbedtls_md_info_from_type
                0x000000000000389c       0x1c modules/mbedtls/libmbedTLSBase.a(md.c.obj)
                0x000000000000389c                mbedtls_md_info_from_type
 .text.verify_header
                0x00000000000038b8       0x40 modules/mbedtls/libmbedTLSBase.a(memory_buffer_alloc.c.obj)
 .text.verify_chain
                0x00000000000038f8       0x3c modules/mbedtls/libmbedTLSBase.a(memory_buffer_alloc.c.obj)
 .text.buffer_alloc_calloc
                0x0000000000003934      0x114 modules/mbedtls/libmbedTLSBase.a(memory_buffer_alloc.c.obj)
 .text.buffer_alloc_free
                0x0000000000003a48      0x124 modules/mbedtls/libmbedTLSBase.a(memory_buffer_alloc.c.obj)
 .text.mbedtls_memory_buffer_alloc_init
                0x0000000000003b6c       0x68 modules/mbedtls/libmbedTLSBase.a(memory_buffer_alloc.c.obj)
                0x0000000000003b6c                mbedtls_memory_buffer_alloc_init
 .text.mbedtls_platform_zeroize
                0x0000000000003bd4       0x18 modules/mbedtls/libmbedTLSBase.a(platform_util.c.obj)
                0x0000000000003bd4                mbedtls_platform_zeroize
 .text.mbedtls_calloc
                0x0000000000003bec        0xc modules/mbedtls/libmbedTLSBase.a(platform.c.obj)
                0x0000000000003bec                mbedtls_calloc
 .text.mbedtls_free
                0x0000000000003bf8        0xc modules/mbedtls/libmbedTLSBase.a(platform.c.obj)
                0x0000000000003bf8                mbedtls_free
 .text.mbedtls_platform_set_calloc_free
                0x0000000000003c04       0x14 modules/mbedtls/libmbedTLSBase.a(platform.c.obj)
                0x0000000000003c04                mbedtls_platform_set_calloc_free
 .text.rsa_check_context.constprop.0
                0x0000000000003c18       0xb8 modules/mbedtls/libmbedTLSBase.a(rsa.c.obj)
 .text.mbedtls_rsa_set_padding
                0x0000000000003cd0       0x2c modules/mbedtls/libmbedTLSBase.a(rsa.c.obj)
                0x0000000000003cd0                mbedtls_rsa_set_padding
 .text.mbedtls_rsa_check_pubkey
                0x0000000000003cfc       0x4c modules/mbedtls/libmbedTLSBase.a(rsa.c.obj)
                0x0000000000003cfc                mbedtls_rsa_check_pubkey
 .text.mbedtls_rsa_public
                0x0000000000003d48       0x90 modules/mbedtls/libmbedTLSBase.a(rsa.c.obj)
                0x0000000000003d48                mbedtls_rsa_public
 .text.mbedtls_sha256_starts
                0x0000000000003dd8       0xc8 modules/mbedtls/libmbedTLSBase.a(sha256.c.obj)
                0x0000000000003dd8                mbedtls_sha256_starts
 .text.mbedtls_internal_sha256_process
                0x0000000000003ea0      0x130 modules/mbedtls/libmbedTLSBase.a(sha256.c.obj)
                0x0000000000003ea0                mbedtls_internal_sha256_process
 .text.nrf52_errata_16
                0x0000000000003fd0       0x28 modules/hal_nordic/nrfx/libmodules__hal_nordic__nrfx.a(system_nrf52.c.obj)
 .text.nvmc_wait
                0x0000000000003ff8       0x10 modules/hal_nordic/nrfx/libmodules__hal_nordic__nrfx.a(system_nrf52.c.obj)
                0x0000000000003ff8                nvmc_wait
 .text.SystemInit
                0x0000000000004008      0x278 modules/hal_nordic/nrfx/libmodules__hal_nordic__nrfx.a(system_nrf52.c.obj)
                0x0000000000004008                SystemInit
 .text.nrfx_flag32_alloc
                0x0000000000004280       0x48 modules/hal_nordic/nrfx/libmodules__hal_nordic__nrfx.a(nrfx_flag32_allocator.c.obj)
                0x0000000000004280                nrfx_flag32_alloc
 .text.nrfx_flag32_free
                0x00000000000042c8       0x40 modules/hal_nordic/nrfx/libmodules__hal_nordic__nrfx.a(nrfx_flag32_allocator.c.obj)
                0x00000000000042c8                nrfx_flag32_free
 .text.nrfx_gppi_channels_enable
                0x0000000000004308        0xc modules/hal_nordic/nrfx/libmodules__hal_nordic__nrfx.a(nrfx_gppi_ppi.c.obj)
                0x0000000000004308                nrfx_gppi_channels_enable
 .text.clock_stop
                0x0000000000004314       0xc4 modules/hal_nordic/nrfx/libmodules__hal_nordic__nrfx.a(nrfx_clock.c.obj)
 .text.nrfx_clock_init
                0x00000000000043d8       0x20 modules/hal_nordic/nrfx/libmodules__hal_nordic__nrfx.a(nrfx_clock.c.obj)
                0x00000000000043d8                nrfx_clock_init
 .text.nrfx_clock_enable
                0x00000000000043f8       0x24 modules/hal_nordic/nrfx/libmodules__hal_nordic__nrfx.a(nrfx_clock.c.obj)
                0x00000000000043f8                nrfx_clock_enable
 .text.nrfx_clock_start
                0x000000000000441c       0xec modules/hal_nordic/nrfx/libmodules__hal_nordic__nrfx.a(nrfx_clock.c.obj)
                0x000000000000441c                nrfx_clock_start
 .text.nrfx_power_clock_irq_handler
                0x0000000000004508       0x68 modules/hal_nordic/nrfx/libmodules__hal_nordic__nrfx.a(nrfx_clock.c.obj)
                0x0000000000004508                nrfx_power_clock_irq_handler
 .text.call_handler.constprop.0
                0x0000000000004570       0x3c modules/hal_nordic/nrfx/libmodules__hal_nordic__nrfx.a(nrfx_gpiote.c.obj)
 .text.release_handler.isra.0
                0x00000000000045ac       0x54 modules/hal_nordic/nrfx/libmodules__hal_nordic__nrfx.a(nrfx_gpiote.c.obj)
 .text.__nrfy_internal_gpiote_events_process.constprop.0
                0x0000000000004600       0x5c modules/hal_nordic/nrfx/libmodules__hal_nordic__nrfx.a(nrfx_gpiote.c.obj)
 .text.pin_trigger_disable
                0x000000000000465c       0x40 modules/hal_nordic/nrfx/libmodules__hal_nordic__nrfx.a(nrfx_gpiote.c.obj)
 .text.pin_uninit
                0x000000000000469c       0x74 modules/hal_nordic/nrfx/libmodules__hal_nordic__nrfx.a(nrfx_gpiote.c.obj)
 .text.nrfx_gpiote_input_configure
                0x0000000000004710      0x160 modules/hal_nordic/nrfx/libmodules__hal_nordic__nrfx.a(nrfx_gpiote.c.obj)
                0x0000000000004710                nrfx_gpiote_input_configure
 .text.nrfx_gpiote_output_configure
                0x0000000000004870       0xec modules/hal_nordic/nrfx/libmodules__hal_nordic__nrfx.a(nrfx_gpiote.c.obj)
                0x0000000000004870                nrfx_gpiote_output_configure
 .text.nrfx_gpiote_global_callback_set
                0x000000000000495c        0xc modules/hal_nordic/nrfx/libmodules__hal_nordic__nrfx.a(nrfx_gpiote.c.obj)
                0x000000000000495c                nrfx_gpiote_global_callback_set
 .text.nrfx_gpiote_channel_get
                0x0000000000004968       0x24 modules/hal_nordic/nrfx/libmodules__hal_nordic__nrfx.a(nrfx_gpiote.c.obj)
                0x0000000000004968                nrfx_gpiote_channel_get
 .text.nrfx_gpiote_init
                0x000000000000498c       0x68 modules/hal_nordic/nrfx/libmodules__hal_nordic__nrfx.a(nrfx_gpiote.c.obj)
                0x000000000000498c                nrfx_gpiote_init
 .text.nrfx_gpiote_init_check
                0x00000000000049f4       0x14 modules/hal_nordic/nrfx/libmodules__hal_nordic__nrfx.a(nrfx_gpiote.c.obj)
                0x00000000000049f4                nrfx_gpiote_init_check
 .text.nrfx_gpiote_channel_free
                0x0000000000004a08        0xc modules/hal_nordic/nrfx/libmodules__hal_nordic__nrfx.a(nrfx_gpiote.c.obj)
                0x0000000000004a08                nrfx_gpiote_channel_free
 .text.nrfx_gpiote_channel_alloc
                0x0000000000004a14        0xc modules/hal_nordic/nrfx/libmodules__hal_nordic__nrfx.a(nrfx_gpiote.c.obj)
                0x0000000000004a14                nrfx_gpiote_channel_alloc
 .text.nrfx_gpiote_trigger_enable
                0x0000000000004a20       0x94 modules/hal_nordic/nrfx/libmodules__hal_nordic__nrfx.a(nrfx_gpiote.c.obj)
                0x0000000000004a20                nrfx_gpiote_trigger_enable
 .text.nrfx_gpiote_0_irq_handler
                0x0000000000004ab4      0x160 modules/hal_nordic/nrfx/libmodules__hal_nordic__nrfx.a(nrfx_gpiote.c.obj)
                0x0000000000004ab4                nrfx_gpiote_0_irq_handler
 .text.nvmc_word_write
                0x0000000000004c14       0x18 modules/hal_nordic/nrfx/libmodules__hal_nordic__nrfx.a(nrfx_nvmc.c.obj)
 .text.nrfx_nvmc_page_erase
                0x0000000000004c2c       0x40 modules/hal_nordic/nrfx/libmodules__hal_nordic__nrfx.a(nrfx_nvmc.c.obj)
                0x0000000000004c2c                nrfx_nvmc_page_erase
 .text.nrfx_nvmc_word_write
                0x0000000000004c6c       0x1c modules/hal_nordic/nrfx/libmodules__hal_nordic__nrfx.a(nrfx_nvmc.c.obj)
                0x0000000000004c6c                nrfx_nvmc_word_write
 .text.nrfx_ppi_channel_alloc
                0x0000000000004c88        0xc modules/hal_nordic/nrfx/libmodules__hal_nordic__nrfx.a(nrfx_ppi.c.obj)
                0x0000000000004c88                nrfx_ppi_channel_alloc
 .text._DoInit  0x0000000000004c94       0x68 modules/segger/libmodules__segger.a(SEGGER_RTT.c.obj)
 .text.z_sys_init_run_level
                0x0000000000004cfc       0x2c zephyr/kernel/libkernel.a(init.c.obj)
 .text.bg_thread_main
                0x0000000000004d28       0x30 zephyr/kernel/libkernel.a(init.c.obj)
 .text.z_bss_zero
                0x0000000000004d58       0x18 zephyr/kernel/libkernel.a(init.c.obj)
                0x0000000000004d58                z_bss_zero
 .text.z_cstart
                0x0000000000004d70       0x78 zephyr/kernel/libkernel.a(init.c.obj)
                0x0000000000004d70                z_cstart
 .text.z_data_copy
                0x0000000000004de8       0x34 zephyr/kernel/libkernel.a(xip.c.obj)
                0x0000000000004de8                z_data_copy
 .text.elapsed  0x0000000000004e1c       0x14 zephyr/kernel/libkernel.a(timeout.c.obj)
 .text.remove_timeout
                0x0000000000004e30       0x38 zephyr/kernel/libkernel.a(timeout.c.obj)
 .text.next_timeout
                0x0000000000004e68       0x40 zephyr/kernel/libkernel.a(timeout.c.obj)
 .text.sys_clock_announce
                0x0000000000004ea8       0xcc zephyr/kernel/libkernel.a(timeout.c.obj)
                0x0000000000004ea8                sys_clock_announce
 .text._OffsetAbsSyms
                0x0000000000004f74        0x2 zephyr/CMakeFiles/offsets.dir/./arch/arm/core/offsets/offsets.c.obj
                0x0000000000004f74                _OffsetAbsSyms
 .text.flash_area_get_device_id
                0x0000000000004f76        0x4 app/libapp.a(flash_map_extended.c.obj)
                0x0000000000004f76                flash_area_get_device_id
 .text.flash_area_get_sector
                0x0000000000004f7a       0x32 app/libapp.a(flash_map_extended.c.obj)
                0x0000000000004f7a                flash_area_get_sector
 .text.bootutil_tlv_iter_begin
                0x0000000000004fac       0x9c app/libapp.a(tlv.c.obj)
                0x0000000000004fac                bootutil_tlv_iter_begin
 .text.bootutil_tlv_iter_next
                0x0000000000005048       0x98 app/libapp.a(tlv.c.obj)
                0x0000000000005048                bootutil_tlv_iter_next
 .text.bootutil_tlv_iter_is_prot
                0x00000000000050e0       0x1c app/libapp.a(tlv.c.obj)
                0x00000000000050e0                bootutil_tlv_iter_is_prot
 .text.boot_fih_memequal
                0x00000000000050fc        0x4 app/libapp.a(bootutil_misc.c.obj)
                0x00000000000050fc                boot_fih_memequal
 .text.boot_trailer_sz
                0x0000000000005100        0xa app/libapp.a(bootutil_misc.c.obj)
                0x0000000000005100                boot_trailer_sz
 .text.boot_status_off
                0x000000000000510a       0x16 app/libapp.a(bootutil_misc.c.obj)
                0x000000000000510a                boot_status_off
 .text.boot_read_swap_size
                0x0000000000005120       0x1c app/libapp.a(bootutil_misc.c.obj)
                0x0000000000005120                boot_read_swap_size
 .text.boot_write_swap_size
                0x000000000000513c       0x1e app/libapp.a(bootutil_misc.c.obj)
                0x000000000000513c                boot_write_swap_size
 .text.boot_read_image_headers
                0x000000000000515a       0x2c app/libapp.a(loader.c.obj)
 .text.boot_read_image_size.constprop.0.isra.0
                0x0000000000005186       0x82 app/libapp.a(loader.c.obj)
 .text.boot_read_sectors
                0x0000000000005208       0x42 app/libapp.a(loader.c.obj)
 .text.boot_status_reset
                0x000000000000524a       0x12 app/libapp.a(loader.c.obj)
                0x000000000000524a                boot_status_reset
 .text.boot_status_is_reset
                0x000000000000525c       0x1a app/libapp.a(loader.c.obj)
                0x000000000000525c                boot_status_is_reset
 .text.boot_write_status
                0x0000000000005276       0x64 app/libapp.a(loader.c.obj)
                0x0000000000005276                boot_write_status
 .text.boot_erase_region
                0x00000000000052da        0x4 app/libapp.a(loader.c.obj)
                0x00000000000052da                boot_erase_region
 .text.swap_erase_trailer_sectors
                0x00000000000052de       0x6c app/libapp.a(swap_misc.c.obj)
                0x00000000000052de                swap_erase_trailer_sectors
 .text.swap_status_init
                0x000000000000534a       0x3e app/libapp.a(swap_misc.c.obj)
                0x000000000000534a                swap_status_init
 .text.swap_read_status
                0x0000000000005388       0x78 app/libapp.a(swap_misc.c.obj)
                0x0000000000005388                swap_read_status
 .text.app_max_sectors
                0x0000000000005400       0x22 app/libapp.a(swap_move.c.obj)
 .text.find_last_idx
                0x0000000000005422       0x14 app/libapp.a(swap_move.c.obj)
                0x0000000000005422                find_last_idx
 .text.boot_status_internal_off
                0x0000000000005436       0x26 app/libapp.a(swap_move.c.obj)
                0x0000000000005436                boot_status_internal_off
 .text.swap_status_source
                0x000000000000545c       0x38 app/libapp.a(swap_move.c.obj)
                0x000000000000545c                swap_status_source
 .text.arch_printk_char_out
                0x0000000000005494        0x4 zephyr/libzephyr.a(printk.c.obj)
                0x0000000000005494                arch_printk_char_out
 .text.printk   0x0000000000005498       0x1a zephyr/libzephyr.a(printk.c.obj)
                0x0000000000005498                printk
 .text.process_recheck
                0x00000000000054b2       0x38 zephyr/libzephyr.a(onoff.c.obj)
 .text.validate_args
                0x00000000000054ea       0x20 zephyr/libzephyr.a(onoff.c.obj)
 .text.notify_one
                0x000000000000550a       0x2c zephyr/libzephyr.a(onoff.c.obj)
 .text.transition_complete
                0x0000000000005536       0x1a zephyr/libzephyr.a(onoff.c.obj)
 .text.onoff_manager_init
                0x0000000000005550       0x26 zephyr/libzephyr.a(onoff.c.obj)
                0x0000000000005550                onoff_manager_init
 .text.onoff_request
                0x0000000000005576       0xae zephyr/libzephyr.a(onoff.c.obj)
                0x0000000000005576                onoff_request
 .text.sys_notify_validate
                0x0000000000005624       0x22 zephyr/libzephyr.a(notify.c.obj)
                0x0000000000005624                sys_notify_validate
 .text.sys_notify_finalize
                0x0000000000005646       0x1a zephyr/libzephyr.a(notify.c.obj)
                0x0000000000005646                sys_notify_finalize
 .text._ConfigAbsSyms
                0x0000000000005660        0x2 zephyr/libzephyr.a(configs.c.obj)
                0x0000000000005660                _ConfigAbsSyms
 .text.z_log_minimal_printk
                0x0000000000005662       0x1a zephyr/libzephyr.a(log_minimal.c.obj)
                0x0000000000005662                z_log_minimal_printk
 .text.flash_area_close
                0x000000000000567c        0x2 zephyr/libzephyr.a(flash_map.c.obj)
                0x000000000000567c                flash_area_close
 .text.flash_area_read
                0x000000000000567e       0x2a zephyr/libzephyr.a(flash_map.c.obj)
                0x000000000000567e                flash_area_read
 .text.flash_area_write
                0x00000000000056a8       0x2a zephyr/libzephyr.a(flash_map.c.obj)
                0x00000000000056a8                flash_area_write
 .text.flash_area_erase
                0x00000000000056d2       0x28 zephyr/libzephyr.a(flash_map.c.obj)
                0x00000000000056d2                flash_area_erase
 .text.flash_area_align
                0x00000000000056fa        0xe zephyr/libzephyr.a(flash_map.c.obj)
                0x00000000000056fa                flash_area_align
 .text.flash_area_erased_val
                0x0000000000005708        0xe zephyr/libzephyr.a(flash_map.c.obj)
                0x0000000000005708                flash_area_erased_val
 .text.get_sectors_cb
                0x0000000000005716       0x44 zephyr/libzephyr.a(flash_map_layout.c.obj)
 .text.z_arm_fatal_error
                0x000000000000575a        0xc zephyr/arch/arch/arm/core/libarch__arm__core.a(fatal.c.obj)
                0x000000000000575a                z_arm_fatal_error
 .text.z_do_kernel_oops
                0x0000000000005766        0x8 zephyr/arch/arch/arm/core/libarch__arm__core.a(fatal.c.obj)
                0x0000000000005766                z_do_kernel_oops
 .text.z_arm_nmi
                0x000000000000576e        0xe zephyr/arch/arch/arm/core/libarch__arm__core.a(nmi.c.obj)
                0x000000000000576e                z_arm_nmi
 .text._HandlerModeExit
                0x000000000000577c        0x2 zephyr/arch/arch/arm/core/cortex_m/libarch__arm__core__cortex_m.a(exc_exit.c.obj)
                0x000000000000577c                z_arm_int_exit
                0x000000000000577c                z_arm_exc_exit
 .text.z_irq_spurious
                0x000000000000577e        0x8 zephyr/arch/arch/arm/core/cortex_m/libarch__arm__core__cortex_m.a(irq_manage.c.obj)
                0x000000000000577e                z_irq_spurious
 .text.arch_irq_unlock_outlined
                0x0000000000005786        0xe zephyr/arch/arch/arm/core/cortex_m/libarch__arm__core__cortex_m.a(thread.c.obj)
                0x0000000000005786                arch_irq_unlock_outlined
 .text.arch_irq_lock_outlined
                0x0000000000005794       0x10 zephyr/arch/arch/arm/core/cortex_m/libarch__arm__core__cortex_m.a(thread.c.obj)
                0x0000000000005794                arch_irq_lock_outlined
 .text.arch_cpu_atomic_idle
                0x00000000000057a4       0x1e zephyr/arch/arch/arm/core/cortex_m/libarch__arm__core__cortex_m.a(cpu_idle.c.obj)
                0x00000000000057a4                arch_cpu_atomic_idle
 .text.size_to_mpu_rasr_size
                0x00000000000057c2       0x20 zephyr/arch/arch/arm/core/mpu/libarch__arm__core__mpu.a(arm_mpu.c.obj)
 .text.strlen   0x00000000000057e2        0xe zephyr/lib/libc/minimal/liblib__libc__minimal.a(string.c.obj)
                0x00000000000057e2                strlen
 .text.memcmp   0x00000000000057f0       0x20 zephyr/lib/libc/minimal/liblib__libc__minimal.a(string.c.obj)
                0x00000000000057f0                memcmp
 .text.memcpy   0x0000000000005810       0x16 zephyr/lib/libc/minimal/liblib__libc__minimal.a(string.c.obj)
                0x0000000000005810                memcpy
 .text.memset   0x0000000000005826       0x12 zephyr/lib/libc/minimal/liblib__libc__minimal.a(string.c.obj)
                0x0000000000005826                memset
 .text._stdout_hook_default
                0x0000000000005838        0x6 zephyr/lib/libc/minimal/liblib__libc__minimal.a(stdout_console.c.obj)
 .text.get_status
                0x000000000000583e       0x12 zephyr/drivers/clock_control/libdrivers__clock_control.a(clock_control_nrf.c.obj)
 .text.stop     0x0000000000005850       0x50 zephyr/drivers/clock_control/libdrivers__clock_control.a(clock_control_nrf.c.obj)
 .text.api_stop
                0x00000000000058a0        0x6 zephyr/drivers/clock_control/libdrivers__clock_control.a(clock_control_nrf.c.obj)
 .text.async_start
                0x00000000000058a6       0x5a zephyr/drivers/clock_control/libdrivers__clock_control.a(clock_control_nrf.c.obj)
 .text.api_start
                0x0000000000005900        0xe zephyr/drivers/clock_control/libdrivers__clock_control.a(clock_control_nrf.c.obj)
 .text.api_blocking_start
                0x000000000000590e        0x6 zephyr/drivers/clock_control/libdrivers__clock_control.a(clock_control_nrf.c.obj)
 .text.onoff_started_callback
                0x0000000000005914       0x12 zephyr/drivers/clock_control/libdrivers__clock_control.a(clock_control_nrf.c.obj)
 .text.lfclk_stop
                0x0000000000005926        0x6 zephyr/drivers/clock_control/libdrivers__clock_control.a(clock_control_nrf.c.obj)
 .text.is_regular_addr_valid
                0x000000000000592c       0x22 zephyr/drivers/flash/libdrivers__flash.a(soc_flash_nrf.c.obj)
 .text.flash_nrf_erase
                0x000000000000594e       0x4c zephyr/drivers/flash/libdrivers__flash.a(soc_flash_nrf.c.obj)
 .text.flash_nrf_read
                0x000000000000599a       0x28 zephyr/drivers/flash/libdrivers__flash.a(soc_flash_nrf.c.obj)
 .text.flash_get_page_info
                0x00000000000059c2       0x62 zephyr/drivers/flash/libdrivers__flash.a(flash_page_layout.c.obj)
 .text.z_impl_flash_get_page_info_by_offs
                0x0000000000005a24        0x8 zephyr/drivers/flash/libdrivers__flash.a(flash_page_layout.c.obj)
                0x0000000000005a24                z_impl_flash_get_page_info_by_offs
 .text.flash_page_foreach
                0x0000000000005a2c       0x58 zephyr/drivers/flash/libdrivers__flash.a(flash_page_layout.c.obj)
                0x0000000000005a2c                flash_page_foreach
 .text.gpio_nrfx_port_get_raw
                0x0000000000005a84        0xe zephyr/drivers/gpio/libdrivers__gpio.a(gpio_nrfx.c.obj)
 .text.gpio_nrfx_port_set_masked_raw
                0x0000000000005a92       0x18 zephyr/drivers/gpio/libdrivers__gpio.a(gpio_nrfx.c.obj)
 .text.gpio_nrfx_port_set_bits_raw
                0x0000000000005aaa        0xc zephyr/drivers/gpio/libdrivers__gpio.a(gpio_nrfx.c.obj)
 .text.gpio_nrfx_port_clear_bits_raw
                0x0000000000005ab6        0xc zephyr/drivers/gpio/libdrivers__gpio.a(gpio_nrfx.c.obj)
 .text.gpio_nrfx_port_toggle_bits
                0x0000000000005ac2       0x1a zephyr/drivers/gpio/libdrivers__gpio.a(gpio_nrfx.c.obj)
 .text.gpio_nrfx_manage_callback
                0x0000000000005adc       0x52 zephyr/drivers/gpio/libdrivers__gpio.a(gpio_nrfx.c.obj)
 .text.pinctrl_lookup_state
                0x0000000000005b2e       0x26 zephyr/drivers/pinctrl/libdrivers__pinctrl.a(common.c.obj)
                0x0000000000005b2e                pinctrl_lookup_state
 .text.uarte_nrfx_err_check
                0x0000000000005b54        0xe zephyr/drivers/serial/libdrivers__serial.a(uart_nrfx_uarte.c.obj)
 .text.uarte_nrfx_poll_in
                0x0000000000005b62       0x28 zephyr/drivers/serial/libdrivers__serial.a(uart_nrfx_uarte.c.obj)
 .text.is_tx_ready.isra.0
                0x0000000000005b8a       0x20 zephyr/drivers/serial/libdrivers__serial.a(uart_nrfx_uarte.c.obj)
 .text.uarte_nrfx_isr_int
                0x0000000000005baa       0x6e zephyr/drivers/serial/libdrivers__serial.a(uart_nrfx_uarte.c.obj)
 .text.event_clear
                0x0000000000005c18       0x18 zephyr/drivers/timer/libdrivers__timer.a(nrf_rtc_timer.c.obj)
 .text.fprotect_area
                0x0000000000005c30       0x86 modules/nrf/lib/fprotect/lib..__nrf__lib__fprotect.a(fprotect_bprot.c.obj)
                0x0000000000005c30                fprotect_area
 .text.boot_swap_info_off
                0x0000000000005cb6        0xc modules/mcuboot/boot/bootutil/zephyr/libmcuboot_util.a(bootutil_public.c.obj)
                0x0000000000005cb6                boot_swap_info_off
 .text.boot_magic_compatible_check
                0x0000000000005cc2       0x1c modules/mcuboot/boot/bootutil/zephyr/libmcuboot_util.a(bootutil_public.c.obj)
                0x0000000000005cc2                boot_magic_compatible_check
 .text.bootutil_buffer_is_erased
                0x0000000000005cde       0x26 modules/mcuboot/boot/bootutil/zephyr/libmcuboot_util.a(bootutil_public.c.obj)
                0x0000000000005cde                bootutil_buffer_is_erased
 .text.boot_read_flag
                0x0000000000005d04       0x38 modules/mcuboot/boot/bootutil/zephyr/libmcuboot_util.a(bootutil_public.c.obj)
 .text.boot_write_trailer
                0x0000000000005d3c       0x58 modules/mcuboot/boot/bootutil/zephyr/libmcuboot_util.a(bootutil_public.c.obj)
                0x0000000000005d3c                boot_write_trailer
 .text.boot_write_trailer_flag
                0x0000000000005d94       0x14 modules/mcuboot/boot/bootutil/zephyr/libmcuboot_util.a(bootutil_public.c.obj)
                0x0000000000005d94                boot_write_trailer_flag
 .text.boot_write_image_ok
                0x0000000000005da8        0xe modules/mcuboot/boot/bootutil/zephyr/libmcuboot_util.a(bootutil_public.c.obj)
                0x0000000000005da8                boot_write_image_ok
 .text.boot_read_image_ok
                0x0000000000005db6        0xc modules/mcuboot/boot/bootutil/zephyr/libmcuboot_util.a(bootutil_public.c.obj)
                0x0000000000005db6                boot_read_image_ok
 .text.boot_read_swap_state_by_id
                0x0000000000005dc2       0x28 modules/mcuboot/boot/bootutil/zephyr/libmcuboot_util.a(bootutil_public.c.obj)
                0x0000000000005dc2                boot_read_swap_state_by_id
 .text.boot_write_swap_info
                0x0000000000005dea       0x22 modules/mcuboot/boot/bootutil/zephyr/libmcuboot_util.a(bootutil_public.c.obj)
                0x0000000000005dea                boot_write_swap_info
 .text.boot_write_copy_done
                0x0000000000005e0c       0x10 modules/mcuboot/boot/bootutil/zephyr/libmcuboot_util.a(bootutil_public.c.obj)
                0x0000000000005e0c                boot_write_copy_done
 .text.mbedtls_asn1_get_len
                0x0000000000005e1c       0x68 modules/mbedtls/libmbedTLSBase.a(asn1parse.c.obj)
                0x0000000000005e1c                mbedtls_asn1_get_len
 .text.mbedtls_asn1_get_tag
                0x0000000000005e84       0x28 modules/mbedtls/libmbedTLSBase.a(asn1parse.c.obj)
                0x0000000000005e84                mbedtls_asn1_get_tag
 .text.mbedtls_asn1_get_mpi
                0x0000000000005eac       0x26 modules/mbedtls/libmbedTLSBase.a(asn1parse.c.obj)
                0x0000000000005eac                mbedtls_asn1_get_mpi
 .text.mbedtls_mpi_core_bitlen
                0x0000000000005ed2       0x1e modules/mbedtls/libmbedTLSBase.a(bignum_core.c.obj)
                0x0000000000005ed2                mbedtls_mpi_core_bitlen
 .text.mbedtls_mpi_core_bigendian_to_host
                0x0000000000005ef0       0x26 modules/mbedtls/libmbedTLSBase.a(bignum_core.c.obj)
                0x0000000000005ef0                mbedtls_mpi_core_bigendian_to_host
 .text.mbedtls_mpi_core_read_be
                0x0000000000005f16       0x4a modules/mbedtls/libmbedTLSBase.a(bignum_core.c.obj)
                0x0000000000005f16                mbedtls_mpi_core_read_be
 .text.mbedtls_mpi_core_write_be
                0x0000000000005f60       0x64 modules/mbedtls/libmbedTLSBase.a(bignum_core.c.obj)
                0x0000000000005f60                mbedtls_mpi_core_write_be
 .text.mbedtls_mpi_core_shift_r
                0x0000000000005fc4       0x74 modules/mbedtls/libmbedTLSBase.a(bignum_core.c.obj)
                0x0000000000005fc4                mbedtls_mpi_core_shift_r
 .text.mbedtls_mpi_core_shift_l
                0x0000000000006038       0x6c modules/mbedtls/libmbedTLSBase.a(bignum_core.c.obj)
                0x0000000000006038                mbedtls_mpi_core_shift_l
 .text.mbedtls_mpi_core_add
                0x00000000000060a4       0x2c modules/mbedtls/libmbedTLSBase.a(bignum_core.c.obj)
                0x00000000000060a4                mbedtls_mpi_core_add
 .text.mbedtls_mpi_core_sub
                0x00000000000060d0       0x3a modules/mbedtls/libmbedTLSBase.a(bignum_core.c.obj)
                0x00000000000060d0                mbedtls_mpi_core_sub
 .text.mbedtls_mpi_core_mla
                0x000000000000610a      0x178 modules/mbedtls/libmbedTLSBase.a(bignum_core.c.obj)
                0x000000000000610a                mbedtls_mpi_core_mla
 .text.mbedtls_mpi_core_montmul_init
                0x0000000000006282       0x22 modules/mbedtls/libmbedTLSBase.a(bignum_core.c.obj)
                0x0000000000006282                mbedtls_mpi_core_montmul_init
 .text.mbedtls_mpi_core_montmul
                0x00000000000062a4       0x96 modules/mbedtls/libmbedTLSBase.a(bignum_core.c.obj)
                0x00000000000062a4                mbedtls_mpi_core_montmul
 .text.mbedtls_mpi_core_sub_int
                0x000000000000633a       0x22 modules/mbedtls/libmbedTLSBase.a(bignum_core.c.obj)
                0x000000000000633a                mbedtls_mpi_core_sub_int
 .text.mpi_montmul.isra.0
                0x000000000000635c       0x1e modules/mbedtls/libmbedTLSBase.a(bignum.c.obj)
 .text.mbedtls_mpi_init
                0x000000000000637a        0xa modules/mbedtls/libmbedTLSBase.a(bignum.c.obj)
                0x000000000000637a                mbedtls_mpi_init
 .text.mbedtls_mpi_free
                0x0000000000006384       0x1c modules/mbedtls/libmbedTLSBase.a(bignum.c.obj)
                0x0000000000006384                mbedtls_mpi_free
 .text.mbedtls_mpi_grow
                0x00000000000063a0       0x48 modules/mbedtls/libmbedTLSBase.a(bignum.c.obj)
                0x00000000000063a0                mbedtls_mpi_grow
 .text.mbedtls_mpi_resize_clear
                0x00000000000063e8       0x36 modules/mbedtls/libmbedTLSBase.a(bignum.c.obj)
 .text.mbedtls_mpi_copy
                0x000000000000641e       0x6a modules/mbedtls/libmbedTLSBase.a(bignum.c.obj)
                0x000000000000641e                mbedtls_mpi_copy
 .text.mbedtls_mpi_lset
                0x0000000000006488       0x38 modules/mbedtls/libmbedTLSBase.a(bignum.c.obj)
                0x0000000000006488                mbedtls_mpi_lset
 .text.mbedtls_mpi_get_bit
                0x00000000000064c0       0x20 modules/mbedtls/libmbedTLSBase.a(bignum.c.obj)
                0x00000000000064c0                mbedtls_mpi_get_bit
 .text.mbedtls_mpi_bitlen
                0x00000000000064e0        0x8 modules/mbedtls/libmbedTLSBase.a(bignum.c.obj)
                0x00000000000064e0                mbedtls_mpi_bitlen
 .text.mbedtls_mpi_size
                0x00000000000064e8        0xc modules/mbedtls/libmbedTLSBase.a(bignum.c.obj)
                0x00000000000064e8                mbedtls_mpi_size
 .text.mbedtls_mpi_read_binary
                0x00000000000064f4       0x2c modules/mbedtls/libmbedTLSBase.a(bignum.c.obj)
                0x00000000000064f4                mbedtls_mpi_read_binary
 .text.mbedtls_mpi_write_binary
                0x0000000000006520        0xc modules/mbedtls/libmbedTLSBase.a(bignum.c.obj)
                0x0000000000006520                mbedtls_mpi_write_binary
 .text.mbedtls_mpi_shift_l
                0x000000000000652c       0x3a modules/mbedtls/libmbedTLSBase.a(bignum.c.obj)
                0x000000000000652c                mbedtls_mpi_shift_l
 .text.mbedtls_mpi_shift_r
                0x0000000000006566       0x12 modules/mbedtls/libmbedTLSBase.a(bignum.c.obj)
                0x0000000000006566                mbedtls_mpi_shift_r
 .text.mbedtls_mpi_cmp_abs
                0x0000000000006578       0x5e modules/mbedtls/libmbedTLSBase.a(bignum.c.obj)
                0x0000000000006578                mbedtls_mpi_cmp_abs
 .text.mbedtls_mpi_cmp_mpi
                0x00000000000065d6       0x90 modules/mbedtls/libmbedTLSBase.a(bignum.c.obj)
                0x00000000000065d6                mbedtls_mpi_cmp_mpi
 .text.mbedtls_mpi_cmp_int
                0x0000000000006666       0x30 modules/mbedtls/libmbedTLSBase.a(bignum.c.obj)
                0x0000000000006666                mbedtls_mpi_cmp_int
 .text.mbedtls_mpi_add_abs
                0x0000000000006696       0x92 modules/mbedtls/libmbedTLSBase.a(bignum.c.obj)
                0x0000000000006696                mbedtls_mpi_add_abs
 .text.mbedtls_mpi_sub_abs
                0x0000000000006728       0xa2 modules/mbedtls/libmbedTLSBase.a(bignum.c.obj)
                0x0000000000006728                mbedtls_mpi_sub_abs
 .text.add_sub_mpi
                0x00000000000067ca       0x62 modules/mbedtls/libmbedTLSBase.a(bignum.c.obj)
 .text.mbedtls_mpi_add_mpi
                0x000000000000682c        0x6 modules/mbedtls/libmbedTLSBase.a(bignum.c.obj)
                0x000000000000682c                mbedtls_mpi_add_mpi
 .text.mbedtls_mpi_sub_mpi
                0x0000000000006832        0x8 modules/mbedtls/libmbedTLSBase.a(bignum.c.obj)
                0x0000000000006832                mbedtls_mpi_sub_mpi
 .text.mbedtls_mpi_mul_int
                0x000000000000683a       0x62 modules/mbedtls/libmbedTLSBase.a(bignum.c.obj)
                0x000000000000683a                mbedtls_mpi_mul_int
 .text.mbedtls_mpi_mod_mpi
                0x000000000000689c       0x64 modules/mbedtls/libmbedTLSBase.a(bignum.c.obj)
                0x000000000000689c                mbedtls_mpi_mod_mpi
 .text.mbedtls_mpi_exp_mod
                0x0000000000006900      0x400 modules/mbedtls/libmbedTLSBase.a(bignum.c.obj)
                0x0000000000006900                mbedtls_mpi_exp_mod
 .text.mbedtls_get_unaligned_uint32
                0x0000000000006d00       0x16 modules/mbedtls/libmbedTLSBase.a(platform_util.c.obj)
                0x0000000000006d00                mbedtls_get_unaligned_uint32
 .text.mbedtls_put_unaligned_uint32
                0x0000000000006d16       0x14 modules/mbedtls/libmbedTLSBase.a(platform_util.c.obj)
                0x0000000000006d16                mbedtls_put_unaligned_uint32
 .text.mbedtls_zeroize_and_free
                0x0000000000006d2a       0x14 modules/mbedtls/libmbedTLSBase.a(platform_util.c.obj)
                0x0000000000006d2a                mbedtls_zeroize_and_free
 .text.platform_calloc_uninit
                0x0000000000006d3e        0x4 modules/mbedtls/libmbedTLSBase.a(platform.c.obj)
 .text.platform_exit_uninit
                0x0000000000006d42        0x2 modules/mbedtls/libmbedTLSBase.a(platform.c.obj)
 .text.platform_free_uninit
                0x0000000000006d44        0x2 modules/mbedtls/libmbedTLSBase.a(platform.c.obj)
 .text.mbedtls_rsa_import
                0x0000000000006d46       0x86 modules/mbedtls/libmbedTLSBase.a(rsa.c.obj)
                0x0000000000006d46                mbedtls_rsa_import
 .text.mbedtls_rsa_init
                0x0000000000006dcc       0x14 modules/mbedtls/libmbedTLSBase.a(rsa.c.obj)
                0x0000000000006dcc                mbedtls_rsa_init
 .text.mbedtls_rsa_get_len
                0x0000000000006de0        0x4 modules/mbedtls/libmbedTLSBase.a(rsa.c.obj)
                0x0000000000006de0                mbedtls_rsa_get_len
 .text.mbedtls_rsa_free
                0x0000000000006de4       0x72 modules/mbedtls/libmbedTLSBase.a(rsa.c.obj)
                0x0000000000006de4                mbedtls_rsa_free
 .text.mbedtls_bswap32
                0x0000000000006e56        0x4 modules/mbedtls/libmbedTLSBase.a(sha256.c.obj)
 .text.mbedtls_sha256_init
                0x0000000000006e5a        0x8 modules/mbedtls/libmbedTLSBase.a(sha256.c.obj)
                0x0000000000006e5a                mbedtls_sha256_init
 .text.mbedtls_sha256_free
                0x0000000000006e62        0xa modules/mbedtls/libmbedTLSBase.a(sha256.c.obj)
                0x0000000000006e62                mbedtls_sha256_free
 .text.mbedtls_sha256_update
                0x0000000000006e6c       0x7e modules/mbedtls/libmbedTLSBase.a(sha256.c.obj)
                0x0000000000006e6c                mbedtls_sha256_update
 .text.mbedtls_sha256_finish
                0x0000000000006eea      0x104 modules/mbedtls/libmbedTLSBase.a(sha256.c.obj)
                0x0000000000006eea                mbedtls_sha256_finish
 .text._mbedtls_init
                0x0000000000006fee        0x4 modules/mbedtls/libmbedTLSBase.a(zephyr_init.c.obj)
 .text.nrf52_errata_12
                0x0000000000006ff2       0x1c modules/hal_nordic/nrfx/libmodules__hal_nordic__nrfx.a(system_nrf52.c.obj)
 .text.nrfx_isr
                0x000000000000700e        0x2 modules/hal_nordic/nrfx/libmodules__hal_nordic__nrfx.a(nrfx_glue.c.obj)
                0x000000000000700e                nrfx_isr
 .text.nrfx_busy_wait
                0x0000000000007010        0x4 modules/hal_nordic/nrfx/libmodules__hal_nordic__nrfx.a(nrfx_glue.c.obj)
                0x0000000000007010                nrfx_busy_wait
 .text.nrfx_gppi_channel_endpoints_setup
                0x0000000000007014       0x14 modules/hal_nordic/nrfx/libmodules__hal_nordic__nrfx.a(nrfx_gppi_ppi.c.obj)
                0x0000000000007014                nrfx_gppi_channel_endpoints_setup
 .text.nrfx_clock_stop
                0x0000000000007028        0x4 modules/hal_nordic/nrfx/libmodules__hal_nordic__nrfx.a(nrfx_clock.c.obj)
                0x0000000000007028                nrfx_clock_stop
 .text.nrf_gpio_pin_port_decode
                0x000000000000702c       0x14 modules/hal_nordic/nrfx/libmodules__hal_nordic__nrfx.a(nrfx_gpiote.c.obj)
 .text.nrf_gpio_reconfigure
                0x0000000000007040       0x92 modules/hal_nordic/nrfx/libmodules__hal_nordic__nrfx.a(nrfx_gpiote.c.obj)
 .text.nrf_gpio_cfg_sense_set
                0x00000000000070d2       0x1e modules/hal_nordic/nrfx/libmodules__hal_nordic__nrfx.a(nrfx_gpiote.c.obj)
 .text.latch_pending_read_and_check
                0x00000000000070f0       0x1c modules/hal_nordic/nrfx/libmodules__hal_nordic__nrfx.a(nrfx_gpiote.c.obj)
 .text.nrfx_gpiote_pin_uninit
                0x000000000000710c        0x4 modules/hal_nordic/nrfx/libmodules__hal_nordic__nrfx.a(nrfx_gpiote.c.obj)
                0x000000000000710c                nrfx_gpiote_pin_uninit
 .text.nrfx_gpiote_trigger_disable
                0x0000000000007110        0x4 modules/hal_nordic/nrfx/libmodules__hal_nordic__nrfx.a(nrfx_gpiote.c.obj)
                0x0000000000007110                nrfx_gpiote_trigger_disable
 .text.nrfx_nvmc_flash_size_get
                0x0000000000007114        0xc modules/hal_nordic/nrfx/libmodules__hal_nordic__nrfx.a(nrfx_nvmc.c.obj)
                0x0000000000007114                nrfx_nvmc_flash_size_get
 .text.nrfx_nvmc_flash_page_size_get
                0x0000000000007120        0x8 modules/hal_nordic/nrfx/libmodules__hal_nordic__nrfx.a(nrfx_nvmc.c.obj)
                0x0000000000007120                nrfx_nvmc_flash_page_size_get
 .text.nrfx_nvmc_flash_page_count_get
                0x0000000000007128        0x8 modules/hal_nordic/nrfx/libmodules__hal_nordic__nrfx.a(nrfx_nvmc.c.obj)
                0x0000000000007128                nrfx_nvmc_flash_page_count_get
 .text.SEGGER_RTT_Init
                0x0000000000007130        0x4 modules/segger/libmodules__segger.a(SEGGER_RTT.c.obj)
                0x0000000000007130                SEGGER_RTT_Init
 .text.rtt_init
                0x0000000000007134        0xa modules/segger/libmodules__segger.a(SEGGER_RTT_zephyr.c.obj)
 .text.z_impl_k_busy_wait
                0x000000000000713e        0x8 zephyr/kernel/libkernel.a(busy_wait.c.obj)
                0x000000000000713e                z_impl_k_busy_wait
 .text.z_device_state_init
                0x0000000000007146        0x2 zephyr/kernel/libkernel.a(device.c.obj)
                0x0000000000007146                z_device_state_init
 .text.z_device_is_ready
                0x0000000000007148       0x16 zephyr/kernel/libkernel.a(device.c.obj)
                0x0000000000007148                z_device_is_ready
 .text.arch_system_halt
                0x000000000000715e       0x10 zephyr/kernel/libkernel.a(fatal.c.obj)
                0x000000000000715e                arch_system_halt
 .text.k_sys_fatal_error_handler
                0x000000000000716e        0x6 zephyr/kernel/libkernel.a(fatal.c.obj)
                0x000000000000716e                k_sys_fatal_error_handler
 .text.z_fatal_error
                0x0000000000007174       0x1e zephyr/kernel/libkernel.a(fatal.c.obj)
                0x0000000000007174                z_fatal_error
 .text.do_device_init
                0x0000000000007192       0x30 zephyr/kernel/libkernel.a(init.c.obj)
 .text.z_early_memset
                0x00000000000071c2        0x4 zephyr/kernel/libkernel.a(init.c.obj)
                0x00000000000071c2                z_early_memset
 .text.z_early_memcpy
                0x00000000000071c6        0x4 zephyr/kernel/libkernel.a(init.c.obj)
                0x00000000000071c6                z_early_memcpy
 .text.k_is_in_isr
                0x00000000000071ca        0xc zephyr/kernel/libkernel.a(nothread.c.obj)
                0x00000000000071ca                k_is_in_isr
 *(SORT_BY_ALIGNMENT(.TEXT.*))
 *(SORT_BY_ALIGNMENT(.gnu.linkonce.t.*))
 *(SORT_BY_ALIGNMENT(.glue_7t))
 .glue_7t       0x00000000000071d6        0x0 linker stubs
 *(SORT_BY_ALIGNMENT(.glue_7))
 .glue_7        0x00000000000071d6        0x0 linker stubs
 *(SORT_BY_ALIGNMENT(.vfp11_veneer))
 .vfp11_veneer  0x00000000000071d6        0x0 linker stubs
 *(SORT_BY_ALIGNMENT(.v4_bx))
 .v4_bx         0x00000000000071d6        0x0 linker stubs
                0x00000000000071d8                . = ALIGN (0x4)
 *fill*         0x00000000000071d6        0x2 
                0x00000000000071d8                __text_region_end = .

.ARM.exidx      0x00000000000071d8        0x8
                0x00000000000071d8                __exidx_start = .
 *(SORT_BY_ALIGNMENT(.ARM.exidx*) SORT_BY_ALIGNMENT(gnu.linkonce.armexidx.*))
 .ARM.exidx     0x00000000000071d8        0x8 c:/ncs/toolchains/ce3b5ff664/opt/zephyr-sdk/arm-zephyr-eabi/bin/../lib/gcc/arm-zephyr-eabi/12.2.0/thumb/v7e-m/nofp\libgcc.a(_udivmoddi4.o)
                0x00000000000071e0                __exidx_end = .
                0x00000000000071e0                __rodata_region_start = .

initlevel       0x00000000000071e0       0x48
                0x00000000000071e0                __init_start = .
                0x00000000000071e0                __init_EARLY_start = .
 *(SORT_BY_NAME(SORT_BY_ALIGNMENT(.z_init_EARLY?_*)))
 *(SORT_BY_NAME(SORT_BY_ALIGNMENT(.z_init_EARLY??_*)))
                0x00000000000071e0                __init_PRE_KERNEL_1_start = .
 *(SORT_BY_NAME(SORT_BY_ALIGNMENT(.z_init_PRE_KERNEL_1?_*)))
 .z_init_PRE_KERNEL_10_0_
                0x00000000000071e0        0x8 zephyr/soc/soc/nrf52832/libsoc__nordic.a(soc.c.obj)
 *(SORT_BY_NAME(SORT_BY_ALIGNMENT(.z_init_PRE_KERNEL_1??_*)))
 .z_init_PRE_KERNEL_130_00060_
                0x00000000000071e8        0x8 zephyr/drivers/clock_control/libdrivers__clock_control.a(clock_control_nrf.c.obj)
 .z_init_PRE_KERNEL_130_0_
                0x00000000000071f0        0x8 modules/segger/libmodules__segger.a(SEGGER_RTT_zephyr.c.obj)
 .z_init_PRE_KERNEL_140_00011_
                0x00000000000071f8        0x8 zephyr/drivers/gpio/libdrivers__gpio.a(gpio_nrfx.c.obj)
 .z_init_PRE_KERNEL_150_00095_
                0x0000000000007200        0x8 zephyr/drivers/serial/libdrivers__serial.a(uart_nrfx_uarte.c.obj)
 .z_init_PRE_KERNEL_160_0_
                0x0000000000007208        0x8 zephyr/drivers/console/libdrivers__console.a(uart_console.c.obj)
                0x0000000000007210                __init_PRE_KERNEL_2_start = .
 *(SORT_BY_NAME(SORT_BY_ALIGNMENT(.z_init_PRE_KERNEL_2?_*)))
 .z_init_PRE_KERNEL_20_0_
                0x0000000000007210        0x8 zephyr/drivers/timer/libdrivers__timer.a(nrf_rtc_timer.c.obj)
 *(SORT_BY_NAME(SORT_BY_ALIGNMENT(.z_init_PRE_KERNEL_2??_*)))
                0x0000000000007218                __init_POST_KERNEL_start = .
 *(SORT_BY_NAME(SORT_BY_ALIGNMENT(.z_init_POST_KERNEL?_*)))
 .z_init_POST_KERNEL0_0_
                0x0000000000007218        0x8 modules/mbedtls/libmbedTLSBase.a(zephyr_init.c.obj)
 *(SORT_BY_NAME(SORT_BY_ALIGNMENT(.z_init_POST_KERNEL??_*)))
 .z_init_POST_KERNEL50_00098_
                0x0000000000007220        0x8 zephyr/drivers/flash/libdrivers__flash.a(soc_flash_nrf.c.obj)
                0x0000000000007228                __init_APPLICATION_start = .
 *(SORT_BY_NAME(SORT_BY_ALIGNMENT(.z_init_APPLICATION?_*)))
 *(SORT_BY_NAME(SORT_BY_ALIGNMENT(.z_init_APPLICATION??_*)))
                0x0000000000007228                __init_SMP_start = .
 *(SORT_BY_NAME(SORT_BY_ALIGNMENT(.z_init_SMP?_*)))
 *(SORT_BY_NAME(SORT_BY_ALIGNMENT(.z_init_SMP??_*)))
                0x0000000000007228                __init_end = .
                0x0000000000007228                __deferred_init_list_start = .
 *(SORT_BY_ALIGNMENT(.z_deferred_init))
                0x0000000000007228                __deferred_init_list_end = .

device_area     0x0000000000007228       0x50
                0x0000000000007228                _device_list_start = .
 *(SORT_BY_NAME(SORT_BY_ALIGNMENT(._device.static.*_?_*)))
 *(SORT_BY_NAME(SORT_BY_ALIGNMENT(._device.static.*_??_*)))
 ._device.static.1_30_
                0x0000000000007228       0x14 zephyr/drivers/clock_control/libdrivers__clock_control.a(clock_control_nrf.c.obj)
                0x0000000000007228                __device_dts_ord_60
 ._device.static.1_40_
                0x000000000000723c       0x14 zephyr/drivers/gpio/libdrivers__gpio.a(gpio_nrfx.c.obj)
                0x000000000000723c                __device_dts_ord_11
 ._device.static.1_50_
                0x0000000000007250       0x14 zephyr/drivers/serial/libdrivers__serial.a(uart_nrfx_uarte.c.obj)
                0x0000000000007250                __device_dts_ord_95
 ._device.static.3_50_
                0x0000000000007264       0x14 zephyr/drivers/flash/libdrivers__flash.a(soc_flash_nrf.c.obj)
                0x0000000000007264                __device_dts_ord_98
                0x0000000000007278                _device_list_end = .

sw_isr_table    0x0000000000007278      0x138
                0x0000000000007278                . = ALIGN (0x4)
 *(SORT_BY_ALIGNMENT(.gnu.linkonce.sw_isr_table*))
 .gnu.linkonce.sw_isr_table
                0x0000000000007278      0x138 zephyr/arch/common/libisr_tables.a(isr_tables.c.obj)
                0x0000000000007278                _sw_isr_table

initlevel_error
                0x00000000000071e0        0x0
 *(SORT_BY_NAME(SORT_BY_ALIGNMENT(.z_init_[_A-Z0-9]*)))
                0x0000000000000001                ASSERT ((SIZEOF (initlevel_error) == 0x0), Undefined initialization levels used.)

app_shmem_regions
                0x00000000000073b0        0x0
                0x00000000000073b0                __app_shmem_regions_start = .
 *(SORT_BY_NAME(SORT_BY_ALIGNMENT(.app_regions.*)))
                0x00000000000073b0                __app_shmem_regions_end = .

k_p4wq_initparam_area
                0x00000000000073b0        0x0
                0x00000000000073b0                _k_p4wq_initparam_list_start = .
 *(SORT_BY_NAME(SORT_BY_ALIGNMENT(._k_p4wq_initparam.static.*)))
                0x00000000000073b0                _k_p4wq_initparam_list_end = .

_static_thread_data_area
                0x00000000000073b0        0x0
                0x00000000000073b0                __static_thread_data_list_start = .
 *(SORT_BY_NAME(SORT_BY_ALIGNMENT(.__static_thread_data.static.*)))
                0x00000000000073b0                __static_thread_data_list_end = .

device_deps     0x00000000000073b0        0x0
                0x00000000000073b0                __device_deps_start = .
 *(SORT_BY_NAME(SORT_BY_ALIGNMENT(.__device_deps_pass2*)))
                0x00000000000073b0                __device_deps_end = .

ztest           0x00000000000073b0        0x0
                0x00000000000073b0                _ztest_expected_result_entry_list_start = .
 *(SORT_BY_NAME(SORT_BY_ALIGNMENT(._ztest_expected_result_entry.static.*)))
                0x00000000000073b0                _ztest_expected_result_entry_list_end = .
                0x00000000000073b0                _ztest_suite_node_list_start = .
 *(SORT_BY_NAME(SORT_BY_ALIGNMENT(._ztest_suite_node.static.*)))
                0x00000000000073b0                _ztest_suite_node_list_end = .
                0x00000000000073b0                _ztest_unit_test_list_start = .
 *(SORT_BY_NAME(SORT_BY_ALIGNMENT(._ztest_unit_test.static.*)))
                0x00000000000073b0                _ztest_unit_test_list_end = .
                0x00000000000073b0                _ztest_test_rule_list_start = .
 *(SORT_BY_NAME(SORT_BY_ALIGNMENT(._ztest_test_rule.static.*)))
                0x00000000000073b0                _ztest_test_rule_list_end = .

bt_l2cap_fixed_chan_area
                0x00000000000073b0        0x0
                0x00000000000073b0                _bt_l2cap_fixed_chan_list_start = .
 *(SORT_BY_NAME(SORT_BY_ALIGNMENT(._bt_l2cap_fixed_chan.static.*)))
                0x00000000000073b0                _bt_l2cap_fixed_chan_list_end = .

bt_gatt_service_static_area
                0x00000000000073b0        0x0
                0x00000000000073b0                _bt_gatt_service_static_list_start = .
 *(SORT_BY_NAME(SORT_BY_ALIGNMENT(._bt_gatt_service_static.static.*)))
                0x00000000000073b0                _bt_gatt_service_static_list_end = .

log_strings_area
                0x00000000000073b0        0x0
                0x00000000000073b0                _log_strings_list_start = .
 *(SORT_BY_NAME(SORT_BY_ALIGNMENT(._log_strings.static.*)))
                0x00000000000073b0                _log_strings_list_end = .

log_const_area  0x00000000000073b0        0x8
                0x00000000000073b0                _log_const_list_start = .
 *(SORT_BY_NAME(SORT_BY_ALIGNMENT(._log_const.static.*)))
 ._log_const.static.log_const_mcuboot_
                0x00000000000073b0        0x8 app/libapp.a(main.c.obj)
                0x00000000000073b0                log_const_mcuboot
                0x00000000000073b8                _log_const_list_end = .

log_backend_area
                0x00000000000073b8        0x0
                0x00000000000073b8                _log_backend_list_start = .
 *(SORT_BY_NAME(SORT_BY_ALIGNMENT(._log_backend.static.*)))
                0x00000000000073b8                _log_backend_list_end = .

log_link_area   0x00000000000073b8        0x0
                0x00000000000073b8                _log_link_list_start = .
 *(SORT_BY_NAME(SORT_BY_ALIGNMENT(._log_link.static.*)))
                0x00000000000073b8                _log_link_list_end = .

tracing_backend_area
                0x00000000000073b8        0x0
                0x00000000000073b8                _tracing_backend_list_start = .
 *(SORT_BY_NAME(SORT_BY_ALIGNMENT(._tracing_backend.static.*)))
                0x00000000000073b8                _tracing_backend_list_end = .

zephyr_dbg_info
 *(SORT_BY_ALIGNMENT(.dbg_thread_info))

symbol_to_keep  0x00000000000073b8        0x0
                0x00000000000073b8                __symbol_to_keep_start = .
 *(SORT_BY_NAME(SORT_BY_ALIGNMENT(.symbol_to_keep*)))
                0x00000000000073b8                __symbol_to_keep_end = .

shell_area      0x00000000000073b8        0x0
                0x00000000000073b8                _shell_list_start = .
 *(SORT_BY_NAME(SORT_BY_ALIGNMENT(._shell.static.*)))
                0x00000000000073b8                _shell_list_end = .

shell_root_cmds_area
                0x00000000000073b8        0x0
                0x00000000000073b8                _shell_root_cmds_list_start = .
 *(SORT_BY_NAME(SORT_BY_ALIGNMENT(._shell_root_cmds.static.*)))
                0x00000000000073b8                _shell_root_cmds_list_end = .

shell_subcmds_area
                0x00000000000073b8        0x0
                0x00000000000073b8                _shell_subcmds_list_start = .
 *(SORT_BY_NAME(SORT_BY_ALIGNMENT(._shell_subcmds.static.*)))
                0x00000000000073b8                _shell_subcmds_list_end = .

shell_dynamic_subcmds_area
                0x00000000000073b8        0x0
                0x00000000000073b8                _shell_dynamic_subcmds_list_start = .
 *(SORT_BY_NAME(SORT_BY_ALIGNMENT(._shell_dynamic_subcmds.static.*)))
                0x00000000000073b8                _shell_dynamic_subcmds_list_end = .

cfb_font_area   0x00000000000073b8        0x0
                0x00000000000073b8                _cfb_font_list_start = .
 *(SORT_BY_NAME(SORT_BY_ALIGNMENT(._cfb_font.static.*)))
                0x00000000000073b8                _cfb_font_list_end = .

rodata          0x00000000000073c0      0x8b4
 *(SORT_BY_ALIGNMENT(.rodata))
 *(SORT_BY_ALIGNMENT(.rodata.*))
 .rodata.delay_machine_code.0
                0x00000000000073c0        0x6 zephyr/soc/soc/nrf52832/libsoc__nordic.a(soc.c.obj)
 *fill*         0x00000000000073c6        0x2 
 .rodata.all_slots.0
                0x00000000000073c8        0x8 app/libapp.a(flash_map_extended.c.obj)
 .rodata.bootutil_key_cnt
                0x00000000000073d0        0x4 app/libapp.a(keys.c.obj)
                0x00000000000073d0                bootutil_key_cnt
 .rodata.bootutil_keys
                0x00000000000073d4        0x8 app/libapp.a(keys.c.obj)
                0x00000000000073d4                bootutil_keys
 .rodata.all_slots.0
                0x00000000000073dc        0x8 app/libapp.a(bootutil_misc.c.obj)
 .rodata.all_slots.0
                0x00000000000073e4        0x8 app/libapp.a(swap_misc.c.obj)
 .rodata.rsa_pub_key_len
                0x00000000000073ec        0x4 app/libapp.a(autogen-pubkey.c.obj)
                0x00000000000073ec                rsa_pub_key_len
 .rodata.mem_attr_region
                0x00000000000073f0        0x0 zephyr/libzephyr.a(mem_attr.c.obj)
 .rodata.flash_map_entries
                0x00000000000073f0        0x4 zephyr/libzephyr.a(flash_map_partition_manager.c.obj)
                0x00000000000073f0                flash_map_entries
 .rodata.default_flash_map
                0x00000000000073f4       0x70 zephyr/libzephyr.a(flash_map_partition_manager.c.obj)
                0x00000000000073f4                default_flash_map
 .rodata.static_regions
                0x0000000000007464       0x18 zephyr/arch/arch/arm/core/mpu/libarch__arm__core__mpu.a(arm_core_mpu.c.obj)
 .rodata.mpu_config
                0x000000000000747c        0x8 zephyr/arch/arch/arm/core/mpu/libarch__arm__core__mpu.a(arm_mpu_regions.c.obj)
                0x000000000000747c                mpu_config
 .rodata.mpu_regions
                0x0000000000007484       0x18 zephyr/arch/arch/arm/core/mpu/libarch__arm__core__mpu.a(arm_mpu_regions.c.obj)
 .rodata.transitions.0
                0x000000000000749c        0xc zephyr/drivers/clock_control/libdrivers__clock_control.a(clock_control_nrf.c.obj)
 .rodata.config
                0x00000000000074a8       0x18 zephyr/drivers/clock_control/libdrivers__clock_control.a(clock_control_nrf.c.obj)
 .rodata.clock_control_api
                0x00000000000074c0       0x1c zephyr/drivers/clock_control/libdrivers__clock_control.a(clock_control_nrf.c.obj)
 .rodata.flash_nrf_api
                0x00000000000074dc       0x14 zephyr/drivers/flash/libdrivers__flash.a(soc_flash_nrf.c.obj)
 .rodata.flash_nrf_parameters
                0x00000000000074f0        0x8 zephyr/drivers/flash/libdrivers__flash.a(soc_flash_nrf.c.obj)
 .rodata.gpio_nrfx_p0_cfg
                0x00000000000074f8       0x18 zephyr/drivers/gpio/libdrivers__gpio.a(gpio_nrfx.c.obj)
 .rodata.gpio_nrfx_drv_api_funcs
                0x0000000000007510       0x24 zephyr/drivers/gpio/libdrivers__gpio.a(gpio_nrfx.c.obj)
 .rodata.uarte_0z_config
                0x0000000000007534       0x10 zephyr/drivers/serial/libdrivers__serial.a(uart_nrfx_uarte.c.obj)
 .rodata.__pinctrl_dev_config__device_dts_ord_95
                0x0000000000007544        0xc zephyr/drivers/serial/libdrivers__serial.a(uart_nrfx_uarte.c.obj)
 .rodata.__pinctrl_states__device_dts_ord_95
                0x0000000000007550        0x8 zephyr/drivers/serial/libdrivers__serial.a(uart_nrfx_uarte.c.obj)
 .rodata.__pinctrl_state_pins_0__device_dts_ord_95
                0x0000000000007558       0x10 zephyr/drivers/serial/libdrivers__serial.a(uart_nrfx_uarte.c.obj)
 .rodata.uart_nrfx_uarte_driver_api
                0x0000000000007568        0xc zephyr/drivers/serial/libdrivers__serial.a(uart_nrfx_uarte.c.obj)
 .rodata.all_slots.0
                0x0000000000007574        0x8 modules/mcuboot/boot/bootutil/zephyr/libmcuboot_util.a(bootutil_public.c.obj)
 .rodata.K      0x000000000000757c      0x100 modules/mbedtls/libmbedTLSBase.a(sha256.c.obj)
 .rodata.levels.0
                0x000000000000767c       0x18 zephyr/kernel/libkernel.a(init.c.obj)
 .rodata.allowed_unprot_tlvs
                0x0000000000007694       0x1c app/libapp.a(image_validate.c.obj)
 .rodata.boot_img_magic
                0x00000000000076b0       0x10 modules/mcuboot/boot/bootutil/zephyr/libmcuboot_util.a(bootutil_public.c.obj)
                0x00000000000076b0                boot_img_magic
 .rodata.main.str1.1
                0x00000000000076c0       0x71 app/libapp.a(main.c.obj)
 .rodata.str1.1
                0x0000000000007731        0x8 app/libapp.a(main.c.obj)
 .rodata.flash_device_base.str1.1
                0x0000000000007739       0x26 app/libapp.a(flash_map_extended.c.obj)
 .rodata.pss_zeros
                0x000000000000775f        0x8 app/libapp.a(image_rsa.c.obj)
 .rodata.bootutil_max_image_size.str1.1
                0x0000000000007767       0x3b app/libapp.a(bootutil_misc.c.obj)
 .rodata.boot_validate_slot.isra.0.str1.1
                0x00000000000077a2       0x3a app/libapp.a(loader.c.obj)
 .rodata.boot_swap_image.isra.0.str1.1
                0x00000000000077dc       0x2f app/libapp.a(loader.c.obj)
 .rodata.context_boot_go.str1.1
                0x000000000000780b       0xf1 app/libapp.a(loader.c.obj)
 .rodata.swap_read_status_bytes.str1.1
                0x00000000000078fc       0x23 app/libapp.a(swap_move.c.obj)
 .rodata.boot_slots_compatible.str1.1
                0x000000000000791f       0x93 app/libapp.a(swap_move.c.obj)
 .rodata.swap_run.str1.1
                0x00000000000079b2       0x60 app/libapp.a(swap_move.c.obj)
 .rodata.rsa_pub_key
                0x0000000000007a12      0x10e app/libapp.a(autogen-pubkey.c.obj)
                0x0000000000007a12                rsa_pub_key
 .rodata.z_cbvprintf_impl.str1.1
                0x0000000000007b20       0x12 zephyr/libzephyr.a(cbprintf_nano.c.obj)
                                         0x13 (size before relaxing)
 .rodata.boot_banner.str1.1
                0x0000000000007b32       0x92 zephyr/libzephyr.a(banner.c.obj)
 .rodata.str1.1
                0x0000000000007bc4        0xf zephyr/arch/arch/arm/core/mpu/libarch__arm__core__mpu.a(arm_mpu_regions.c.obj)
 .rodata.str1.1
                0x0000000000007bd3       0x1b zephyr/drivers/clock_control/libdrivers__clock_control.a(clock_control_nrf.c.obj)
 .rodata.str1.1
                0x0000000000007bee       0x1a zephyr/drivers/flash/libdrivers__flash.a(soc_flash_nrf.c.obj)
 .rodata.str1.1
                0x0000000000007c08        0xe zephyr/drivers/gpio/libdrivers__gpio.a(gpio_nrfx.c.obj)
 .rodata.drive_modes
                0x0000000000007c16        0x8 zephyr/drivers/pinctrl/libdrivers__pinctrl.a(pinctrl_nrf.c.obj)
 .rodata.str1.1
                0x0000000000007c1e        0xe zephyr/drivers/serial/libdrivers__serial.a(uart_nrfx_uarte.c.obj)
 .rodata.boot_swap_tables
                0x0000000000007c2c       0x12 modules/mcuboot/boot/bootutil/zephyr/libmcuboot_util.a(bootutil_public.c.obj)
 .rodata.mbedtls_sha256_info
                0x0000000000007c3e        0x3 modules/mbedtls/libmbedTLSBase.a(md.c.obj)
 .rodata.mbedtls_sha224_info
                0x0000000000007c41        0x3 modules/mbedtls/libmbedTLSBase.a(md.c.obj)
 .rodata.CSWTCH.20
                0x0000000000007c44        0x5 modules/hal_nordic/nrfx/libmodules__hal_nordic__nrfx.a(system_nrf52.c.obj)
 .rodata.CSWTCH.18
                0x0000000000007c49        0x5 modules/hal_nordic/nrfx/libmodules__hal_nordic__nrfx.a(system_nrf52.c.obj)
 .rodata.CSWTCH.14
                0x0000000000007c4e        0x5 modules/hal_nordic/nrfx/libmodules__hal_nordic__nrfx.a(system_nrf52.c.obj)
 .rodata.CSWTCH.4
                0x0000000000007c53        0x5 modules/hal_nordic/nrfx/libmodules__hal_nordic__nrfx.a(system_nrf52.c.obj)
 .rodata._DoInit.str1.1
                0x0000000000007c58        0x9 modules/segger/libmodules__segger.a(SEGGER_RTT.c.obj)
 .rodata._aInitStr.0
                0x0000000000007c61       0x11 modules/segger/libmodules__segger.a(SEGGER_RTT.c.obj)
 *(SORT_BY_ALIGNMENT(.gnu.linkonce.r.*))
                0x0000000000007c74                . = ALIGN (0x4)
 *fill*         0x0000000000007c72        0x2 
                0x0000000000007c74                __rodata_region_end = .
                0x0000000000007c80                . = ALIGN (_region_min_align)
                0x0000000000008000                . = ALIGN ((0x1 << LOG2CEIL ((__rodata_region_end - ADDR (rom_start)))))
                0x0000000000008000                __rom_region_end = ((__rom_region_start + .) - ADDR (rom_start))

/DISCARD/
 *(SORT_BY_ALIGNMENT(.got.plt))
 *(SORT_BY_ALIGNMENT(.igot.plt))
 *(SORT_BY_ALIGNMENT(.got))
 *(SORT_BY_ALIGNMENT(.igot))
                0x0000000020000000                . = 0x20000000
                0x0000000020000000                . = ALIGN (_region_min_align)
                0x0000000020000000                _image_ram_start = .

.ramfunc        0x0000000020000000        0x0 load address 0x0000000000007c74
                0x0000000020000000                . = ALIGN (_region_min_align)
                0x0000000020000000                . = ALIGN ((0x1 << LOG2CEIL (__ramfunc_size)))
                0x0000000020000000                __ramfunc_start = .
 *(SORT_BY_ALIGNMENT(.ramfunc))
 *(SORT_BY_ALIGNMENT(.ramfunc.*))
                0x0000000020000000                . = ALIGN (_region_min_align)
                0x0000000020000000                . = ALIGN ((0x1 << LOG2CEIL (__ramfunc_size)))
                0x0000000020000000                __ramfunc_end = .
                0x0000000000000000                __ramfunc_size = (__ramfunc_end - __ramfunc_start)
                0x0000000000007c74                __ramfunc_load_start = LOADADDR (.ramfunc)

datas           0x0000000020000000       0xb0 load address 0x0000000000007c74
                0x0000000020000000                __data_region_start = .
                0x0000000020000000                __data_start = .
 *(SORT_BY_ALIGNMENT(.data))
 *(SORT_BY_ALIGNMENT(.data.*))
 .data.FIH_NO_BOOTABLE_IMAGE
                0x0000000020000000        0x4 app/libapp.a(fault_injection_hardening.c.obj)
                0x0000000020000000                FIH_NO_BOOTABLE_IMAGE
 .data.FIH_FAILURE
                0x0000000020000004        0x4 app/libapp.a(fault_injection_hardening.c.obj)
                0x0000000020000004                FIH_FAILURE
 .data._char_out
                0x0000000020000008        0x4 zephyr/libzephyr.a(printk.c.obj)
                0x0000000020000008                _char_out
 .data.flash_map
                0x000000002000000c        0x4 zephyr/libzephyr.a(flash_map_partition_manager.c.obj)
                0x000000002000000c                flash_map
 .data._stdout_hook
                0x0000000020000010        0x4 zephyr/lib/libc/minimal/liblib__libc__minimal.a(stdout_console.c.obj)
 .data.uarte_0_data
                0x0000000020000014       0x1c zephyr/drivers/serial/libdrivers__serial.a(uart_nrfx_uarte.c.obj)
 .data.memset_func
                0x0000000020000030        0x4 modules/mbedtls/libmbedTLSBase.a(platform_util.c.obj)
                0x0000000020000030                memset_func
 .data.mbedtls_exit
                0x0000000020000034        0x4 modules/mbedtls/libmbedTLSBase.a(platform.c.obj)
                0x0000000020000034                mbedtls_exit
 .data.mbedtls_free_func
                0x0000000020000038        0x4 modules/mbedtls/libmbedTLSBase.a(platform.c.obj)
                0x0000000020000038                mbedtls_free_func
 .data.mbedtls_calloc_func
                0x000000002000003c        0x4 modules/mbedtls/libmbedTLSBase.a(platform.c.obj)
                0x000000002000003c                mbedtls_calloc_func
 .data.m_cb     0x0000000020000040       0x64 modules/hal_nordic/nrfx/libmodules__hal_nordic__nrfx.a(nrfx_gpiote.c.obj)
 .data.m_channels_allocated
                0x00000000200000a4        0x4 modules/hal_nordic/nrfx/libmodules__hal_nordic__nrfx.a(nrfx_ppi.c.obj)
 .data.timeout_list
                0x00000000200000a8        0x8 zephyr/kernel/libkernel.a(timeout.c.obj)
 *(SORT_BY_ALIGNMENT(.kernel.*))
                0x00000000200000b0                __data_end = .
                0x00000000000000b0                __data_size = (__data_end - __data_start)
                0x0000000000007c74                __data_load_start = LOADADDR (datas)
                0x0000000000007c74                __data_region_load_start = LOADADDR (datas)

device_states   0x00000000200000b0        0x8 load address 0x0000000000007d24
                0x00000000200000b0                __device_states_start = .
 *(SORT_BY_ALIGNMENT(.z_devstate))
 .z_devstate    0x00000000200000b0        0x2 zephyr/drivers/clock_control/libdrivers__clock_control.a(clock_control_nrf.c.obj)
 .z_devstate    0x00000000200000b2        0x2 zephyr/drivers/flash/libdrivers__flash.a(soc_flash_nrf.c.obj)
 .z_devstate    0x00000000200000b4        0x2 zephyr/drivers/gpio/libdrivers__gpio.a(gpio_nrfx.c.obj)
 .z_devstate    0x00000000200000b6        0x2 zephyr/drivers/serial/libdrivers__serial.a(uart_nrfx_uarte.c.obj)
 *(SORT_BY_ALIGNMENT(.z_devstate.*))
                0x00000000200000b8                __device_states_end = .

log_mpsc_pbuf_area
                0x00000000200000b8        0x0 load address 0x0000000000007d2c
                0x00000000200000b8                _log_mpsc_pbuf_list_start = .
 *(SORT_BY_NAME(SORT_BY_ALIGNMENT(._log_mpsc_pbuf.static.*)))
                0x00000000200000b8                _log_mpsc_pbuf_list_end = .

log_msg_ptr_area
                0x00000000200000b8        0x0 load address 0x0000000000007d2c
                0x00000000200000b8                _log_msg_ptr_list_start = .
 *(SORT_BY_NAME(SORT_BY_ALIGNMENT(._log_msg_ptr.static.*)))
                0x00000000200000b8                _log_msg_ptr_list_end = .

log_dynamic_area
                0x00000000200000b8        0x0 load address 0x0000000000007d2c
                0x00000000200000b8                _log_dynamic_list_start = .
 *(SORT_BY_NAME(SORT_BY_ALIGNMENT(._log_dynamic.static.*)))
                0x00000000200000b8                _log_dynamic_list_end = .

k_timer_area    0x00000000200000b8        0x0 load address 0x0000000000007d2c
                0x00000000200000b8                _k_timer_list_start = .
 *(SORT_BY_NAME(SORT_BY_ALIGNMENT(._k_timer.static.*)))
                0x00000000200000b8                _k_timer_list_end = .

k_mem_slab_area
                0x00000000200000b8        0x0 load address 0x0000000000007d2c
                0x00000000200000b8                _k_mem_slab_list_start = .
 *(SORT_BY_NAME(SORT_BY_ALIGNMENT(._k_mem_slab.static.*)))
                0x00000000200000b8                _k_mem_slab_list_end = .

k_heap_area     0x00000000200000b8        0x0 load address 0x0000000000007d2c
                0x00000000200000b8                _k_heap_list_start = .
 *(SORT_BY_NAME(SORT_BY_ALIGNMENT(._k_heap.static.*)))
                0x00000000200000b8                _k_heap_list_end = .

k_mutex_area    0x00000000200000b8        0x0 load address 0x0000000000007d2c
                0x00000000200000b8                _k_mutex_list_start = .
 *(SORT_BY_NAME(SORT_BY_ALIGNMENT(._k_mutex.static.*)))
                0x00000000200000b8                _k_mutex_list_end = .

k_stack_area    0x00000000200000b8        0x0 load address 0x0000000000007d2c
                0x00000000200000b8                _k_stack_list_start = .
 *(SORT_BY_NAME(SORT_BY_ALIGNMENT(._k_stack.static.*)))
                0x00000000200000b8                _k_stack_list_end = .

k_msgq_area     0x00000000200000b8        0x0 load address 0x0000000000007d2c
                0x00000000200000b8                _k_msgq_list_start = .
 *(SORT_BY_NAME(SORT_BY_ALIGNMENT(._k_msgq.static.*)))
                0x00000000200000b8                _k_msgq_list_end = .

k_mbox_area     0x00000000200000b8        0x0 load address 0x0000000000007d2c
                0x00000000200000b8                _k_mbox_list_start = .
 *(SORT_BY_NAME(SORT_BY_ALIGNMENT(._k_mbox.static.*)))
                0x00000000200000b8                _k_mbox_list_end = .

k_pipe_area     0x00000000200000b8        0x0 load address 0x0000000000007d2c
                0x00000000200000b8                _k_pipe_list_start = .
 *(SORT_BY_NAME(SORT_BY_ALIGNMENT(._k_pipe.static.*)))
                0x00000000200000b8                _k_pipe_list_end = .

k_sem_area      0x00000000200000b8        0x0 load address 0x0000000000007d2c
                0x00000000200000b8                _k_sem_list_start = .
 *(SORT_BY_NAME(SORT_BY_ALIGNMENT(._k_sem.static.*)))
                0x00000000200000b8                _k_sem_list_end = .

k_event_area    0x00000000200000b8        0x0 load address 0x0000000000007d2c
                0x00000000200000b8                _k_event_list_start = .
 *(SORT_BY_NAME(SORT_BY_ALIGNMENT(._k_event.static.*)))
                0x00000000200000b8                _k_event_list_end = .

k_queue_area    0x00000000200000b8        0x0 load address 0x0000000000007d2c
                0x00000000200000b8                _k_queue_list_start = .
 *(SORT_BY_NAME(SORT_BY_ALIGNMENT(._k_queue.static.*)))
                0x00000000200000b8                _k_queue_list_end = .

k_fifo_area     0x00000000200000b8        0x0 load address 0x0000000000007d2c
                0x00000000200000b8                _k_fifo_list_start = .
 *(SORT_BY_NAME(SORT_BY_ALIGNMENT(._k_fifo.static.*)))
                0x00000000200000b8                _k_fifo_list_end = .

k_lifo_area     0x00000000200000b8        0x0 load address 0x0000000000007d2c
                0x00000000200000b8                _k_lifo_list_start = .
 *(SORT_BY_NAME(SORT_BY_ALIGNMENT(._k_lifo.static.*)))
                0x00000000200000b8                _k_lifo_list_end = .

k_condvar_area  0x00000000200000b8        0x0 load address 0x0000000000007d2c